******************************************************************************
               TMS320C6x Linker PC v7.4.8                      
******************************************************************************
>> Linked Wed Jan 21 10:37:51 2015

OUTPUT FILE NAME:   <MyDspHelloWorld.out>
ENTRY POINT SYMBOL: "_c_int00"  address: 80001d00


MEMORY CONFIGURATION

         name            origin    length      used     unused   attr    fill
----------------------  --------  ---------  --------  --------  ----  --------
  DSPL2ROM              00700000   00100000  00000000  00100000  RWIX
  DSPL2RAM              00800000   00040000  00000000  00040000  RWIX
  DSPL1PRAM             00e00000   00008000  00000000  00008000  RWIX
  DSPL1DRAM             00f00000   00008000  00000000  00008000  RWIX
  SHDSPL2ROM            11700000   00100000  00000000  00100000  RWIX
  SHDSPL2RAM            11800000   00040000  00000000  00040000  RWIX
  SHDSPL1PRAM           11e00000   00008000  00000000  00008000  RWIX
  SHDSPL1DRAM           11f00000   00008000  00000000  00008000  RWIX
  EMIFACS0              40000000   20000000  00000000  20000000  RWIX
  EMIFACS2              60000000   02000000  00000000  02000000  RWIX
  EMIFACS3              62000000   02000000  00000000  02000000  RWIX
  EMIFACS4              64000000   02000000  00000000  02000000  RWIX
  EMIFACS5              66000000   02000000  00000000  02000000  RWIX
  SHRAM                 80000000   00020000  0000378c  0001c874  RWIX
  DDR2                  c0000000   20000000  00000000  20000000  RWIX


SECTION ALLOCATION MAP

 output                                  attributes/
section   page    origin      length       input sections
--------  ----  ----------  ----------   ----------------
.pinit     0    80000000    00000000     UNINITIALIZED

.text      0    80000000    00002000     
                  80000000    00000280     rts6740.lib : memory.obj (.text:_free)
                  80000280    00000220                 : fputc.obj (.text:_fputc)
                  800004a0    00000200                 : setvbuf.obj (.text:_setvbuf)
                  800006a0    00000180                 : trgdrv.obj (.text:_HOSTrename)
                  80000820    00000180                 : memory.obj (.text:_malloc)
                  800009a0    00000140                 : lowlev.obj (.text:_getdevice)
                  80000ae0    00000120                 : fclose.obj (.text:__closefile)
                  80000c00    00000120                 : fseek.obj (.text:_fseek)
                  80000d20    00000100                 : trgdrv.obj (.text:_HOSTlseek)
                  80000e20    00000100                 : _io_perm.obj (.text:__wrt_ok)
                  80000f20    00000100     main.obj (.text)
                  80001020    000000e0     rts6740.lib : trgdrv.obj (.text:_HOSTopen)
                  80001100    000000e0                 : trgdrv.obj (.text:_HOSTread)
                  800011e0    000000e0                 : lowlev.obj (.text:_close)
                  800012c0    000000e0                 : fflush.obj (.text:_fflush)
                  800013a0    000000c0                 : trgdrv.obj (.text:_HOSTunlink)
                  80001460    000000c0                 : trgdrv.obj (.text:_HOSTwrite)
                  80001520    000000c0                 : autoinit.obj (.text:__auto_init)
                  800015e0    000000c0                 : fflush.obj (.text:__doflush)
                  800016a0    000000c0                 : exit.obj (.text:_exit)
                  80001760    000000a0                 : trgdrv.obj (.text:_HOSTclose)
                  80001800    000000a0                 : fopen.obj (.text:__cleanup)
                  800018a0    000000a0                 : cpy_tbl.obj (.text:_copy_in)
                  80001940    000000a0                 : lowlev.obj (.text:_finddevice)
                  800019e0    000000a0                 : lowlev.obj (.text:_lseek)
                  80001a80    000000a0                 : memcpy64.obj (.text:_memcpy)
                  80001b20    000000a0                 : memory.obj (.text:_minsert)
                  80001bc0    000000a0                 : memory.obj (.text:_mremove)
                  80001c60    000000a0                 : lowlev.obj (.text:_write)
                  80001d00    00000080                 : boot.obj (.text:_c_int00)
                  80001d80    00000080                 : trgmsg.obj (.text:_readmsg)
                  80001e00    00000080                 : lowlev.obj (.text:_unlink)
                  80001e80    00000060                 : cpp_init.obj (.text:___TI_cpp_init)
                  80001ee0    00000060                 : trgmsg.obj (.text:_writemsg)
                  80001f40    00000040                 : args_main.obj (.text:__args_main)
                  80001f80    00000020                 : _lock.obj (.text:__nop)
                  80001fa0    00000020                 : exit.obj (.text:_abort)
                  80001fc0    00000020                 : fputc.obj (.text:_putchar)
                  80001fe0    00000020                 : remove.obj (.text:_remove)

.bss       0    80000000    00000000     UNINITIALIZED

.data      0    80000000    00000000     UNINITIALIZED

.stack     0    80002000    00000800     UNINITIALIZED
                  80002000    00000008     rts6740.lib : boot.obj (.stack)
                  80002008    000007f8     --HOLE--

.sysmem    0    80002800    00000800     UNINITIALIZED
                  80002800    00000008     rts6740.lib : memory.obj (.sysmem)
                  80002808    000007f8     --HOLE--

.far       0    80003000    00000468     UNINITIALIZED
                  80003000    00000324     rts6740.lib : defs.obj (.far)
                  80003324    00000004                 : fopen.obj (.far)
                  80003328    0000011c                 : lowlev.obj (.far)
                  80003444    0000000c                 : exit.obj (.far)
                  80003450    00000008                 : _lock.obj (.far)
                  80003458    00000008                 : memory.obj (.far)
                  80003460    00000008                 : trgdrv.obj (.far)

.cinit     0    80003468    00000154     
                  80003468    0000005c     rts6740.lib : defs.obj (.cinit)
                  800034c4    00000004     --HOLE-- [fill = 0]
                  800034c8    0000005c                 : lowlev.obj (.cinit)
                  80003524    00000004     --HOLE-- [fill = 0]
                  80003528    0000002c                 : exit.obj (.cinit)
                  80003554    00000004     --HOLE-- [fill = 0]
                  80003558    0000002c                 : memory.obj (.cinit)
                  80003584    00000004     --HOLE-- [fill = 0]
                  80003588    0000001c                 : _lock.obj (.cinit)
                  800035a4    00000004     --HOLE-- [fill = 0]
                  800035a8    0000000c                 : fopen.obj (.cinit)
                  800035b4    00000004     --HOLE-- [fill = 0]
                  800035b8    00000004     (.pad.cinit) [fill = 0]

.cio       0    800035c0    00000120     UNINITIALIZED
                  800035c0    00000120     rts6740.lib : trgmsg.obj (.cio)

.const     0    800036e0    000000b0     
                  800036e0    000000b0     main.obj (.const:.string)


GLOBAL SYMBOLS: SORTED ALPHABETICALLY BY Name 

address    name
--------   ----
80000000   $bss
80000000   .bss
80000000   .data
80000000   .text
80001fa0   C$$EXIT
80001f38   C$$IO$$
80001760   _HOSTclose
80000d20   _HOSTlseek
80001020   _HOSTopen
80001100   _HOSTread
800006a0   _HOSTrename
800013a0   _HOSTunlink
80001460   _HOSTwrite
800035c0   __CIOBUF_
80002800   __STACK_END
00000800   __STACK_SIZE
00000800   __SYSMEM_SIZE
00000001   __TI_args_main
80001e80   ___TI_cpp_init
8000344c   ___TI_enable_exit_profile_output
ffffffff   ___TI_pprof_out_hndl
ffffffff   ___TI_prof_data_size
ffffffff   ___TI_prof_data_start
ffffffff   ___binit__
80000000   ___bss__
ffffffff   ___c_args__
80003468   ___cinit__
80000000   ___data__
80000000   ___edata__
80000000   ___end__
80002000   ___etext__
ffffffff   ___pinit__
80000000   ___text__
80001f40   __args_main
80001520   __auto_init
80001800   __cleanup
80003444   __cleanup_ptr
80000ae0   __closefile
800015e0   __doflush
80003448   __dtors_ptr
80003320   __ft_end
80003000   __ftable
80003450   __lock
80001f80   __nop
80002000   __stack
80002800   __sys_memory
800031e0   __tmpnams
80003454   __unlock
80000e20   __wrt_ok
80001fa0   _abort
80001d00   _c_int00
800011e0   _close
800018a0   _copy_in
800016a0   _exit
800012c0   _fflush
80000280   _fputc
80000000   _free
80000c00   _fseek
800019e0   _lseek
80000f64   _main
80000820   _malloc
80001a80   _memcpy
80000280   _putc
80001fc0   _putchar
80000f20   _putstring
80001d80   _readmsg
80001fe0   _remove
800004a0   _setvbuf
80001e00   _unlink
80001c60   _write
80001ee0   _writemsg
ffffffff   binit
80003468   cinit
80000000   edata
80000000   end
80002000   etext
ffffffff   pinit


GLOBAL SYMBOLS: SORTED BY Symbol Address 

address    name
--------   ----
00000001   __TI_args_main
00000800   __STACK_SIZE
00000800   __SYSMEM_SIZE
80000000   $bss
80000000   .bss
80000000   .data
80000000   .text
80000000   ___bss__
80000000   ___data__
80000000   ___edata__
80000000   ___end__
80000000   ___text__
80000000   _free
80000000   edata
80000000   end
80000280   _fputc
80000280   _putc
800004a0   _setvbuf
800006a0   _HOSTrename
80000820   _malloc
80000ae0   __closefile
80000c00   _fseek
80000d20   _HOSTlseek
80000e20   __wrt_ok
80000f20   _putstring
80000f64   _main
80001020   _HOSTopen
80001100   _HOSTread
800011e0   _close
800012c0   _fflush
800013a0   _HOSTunlink
80001460   _HOSTwrite
80001520   __auto_init
800015e0   __doflush
800016a0   _exit
80001760   _HOSTclose
80001800   __cleanup
800018a0   _copy_in
800019e0   _lseek
80001a80   _memcpy
80001c60   _write
80001d00   _c_int00
80001d80   _readmsg
80001e00   _unlink
80001e80   ___TI_cpp_init
80001ee0   _writemsg
80001f38   C$$IO$$
80001f40   __args_main
80001f80   __nop
80001fa0   C$$EXIT
80001fa0   _abort
80001fc0   _putchar
80001fe0   _remove
80002000   ___etext__
80002000   __stack
80002000   etext
80002800   __STACK_END
80002800   __sys_memory
80003000   __ftable
800031e0   __tmpnams
80003320   __ft_end
80003444   __cleanup_ptr
80003448   __dtors_ptr
8000344c   ___TI_enable_exit_profile_output
80003450   __lock
80003454   __unlock
80003468   ___cinit__
80003468   cinit
800035c0   __CIOBUF_
ffffffff   ___TI_pprof_out_hndl
ffffffff   ___TI_prof_data_size
ffffffff   ___TI_prof_data_start
ffffffff   ___binit__
ffffffff   ___c_args__
ffffffff   ___pinit__
ffffffff   binit
ffffffff   pinit

[77 symbols]
