******************************************************************************
               TMS320C6x Linker PC v7.4.8                      
******************************************************************************
>> Linked Mon Apr 06 20:42:03 2015

OUTPUT FILE NAME:   <MyDspHelloWorld.out>
ENTRY POINT SYMBOL: "_c_int00"  address: 00001d40


MEMORY CONFIGURATION

         name            origin    length      used     unused   attr    fill
----------------------  --------  ---------  --------  --------  ----  --------
  RAM                   00000001   fffffffe  000037c0  ffffc83e  RWIX


SECTION ALLOCATION MAP

 output                                  attributes/
section   page    origin      length       input sections
--------  ----  ----------  ----------   ----------------
.pinit     0    00000004    00000000     UNINITIALIZED

.data      0    00000008    00000000     UNINITIALIZED

.bss       0    00000008    00000000     UNINITIALIZED

.text      0    00000020    00002020     
                  00000020    00000280     rts6740.lib : memory.obj (.text:_free)
                  000002a0    00000220                 : fputc.obj (.text:_fputc)
                  000004c0    00000200                 : setvbuf.obj (.text:_setvbuf)
                  000006c0    00000180                 : trgdrv.obj (.text:_HOSTrename)
                  00000840    00000180                 : memory.obj (.text:_malloc)
                  000009c0    00000140                 : lowlev.obj (.text:_getdevice)
                  00000b00    00000120                 : fclose.obj (.text:__closefile)
                  00000c20    00000120                 : fseek.obj (.text:_fseek)
                  00000d40    00000120     main.obj (.text)
                  00000e60    00000100     rts6740.lib : trgdrv.obj (.text:_HOSTlseek)
                  00000f60    00000100                 : _io_perm.obj (.text:__wrt_ok)
                  00001060    000000e0                 : trgdrv.obj (.text:_HOSTopen)
                  00001140    000000e0                 : trgdrv.obj (.text:_HOSTread)
                  00001220    000000e0                 : lowlev.obj (.text:_close)
                  00001300    000000e0                 : fflush.obj (.text:_fflush)
                  000013e0    000000c0                 : trgdrv.obj (.text:_HOSTunlink)
                  000014a0    000000c0                 : trgdrv.obj (.text:_HOSTwrite)
                  00001560    000000c0                 : autoinit.obj (.text:__auto_init)
                  00001620    000000c0                 : fflush.obj (.text:__doflush)
                  000016e0    000000c0                 : exit.obj (.text:_exit)
                  000017a0    000000a0                 : trgdrv.obj (.text:_HOSTclose)
                  00001840    000000a0                 : fopen.obj (.text:__cleanup)
                  000018e0    000000a0                 : cpy_tbl.obj (.text:_copy_in)
                  00001980    000000a0                 : lowlev.obj (.text:_finddevice)
                  00001a20    000000a0                 : lowlev.obj (.text:_lseek)
                  00001ac0    000000a0                 : memcpy64.obj (.text:_memcpy)
                  00001b60    000000a0                 : memory.obj (.text:_minsert)
                  00001c00    000000a0                 : memory.obj (.text:_mremove)
                  00001ca0    000000a0                 : lowlev.obj (.text:_write)
                  00001d40    00000080                 : boot.obj (.text:_c_int00)
                  00001dc0    00000080                 : trgmsg.obj (.text:_readmsg)
                  00001e40    00000080                 : lowlev.obj (.text:_unlink)
                  00001ec0    00000060                 : cpp_init.obj (.text:___TI_cpp_init)
                  00001f20    00000060                 : trgmsg.obj (.text:_writemsg)
                  00001f80    00000040                 : args_main.obj (.text:__args_main)
                  00001fc0    00000020                 : _lock.obj (.text:__nop)
                  00001fe0    00000020                 : exit.obj (.text:_abort)
                  00002000    00000020                 : fputc.obj (.text:_putchar)
                  00002020    00000020                 : remove.obj (.text:_remove)

.stack     0    00002040    00000800     UNINITIALIZED
                  00002040    00000008     rts6740.lib : boot.obj (.stack)
                  00002048    000007f8     --HOLE--

.sysmem    0    00002840    00000800     UNINITIALIZED
                  00002840    00000008     rts6740.lib : memory.obj (.sysmem)
                  00002848    000007f8     --HOLE--

.far       0    00003040    00000468     UNINITIALIZED
                  00003040    00000324     rts6740.lib : defs.obj (.far)
                  00003364    00000004                 : fopen.obj (.far)
                  00003368    0000011c                 : lowlev.obj (.far)
                  00003484    0000000c                 : exit.obj (.far)
                  00003490    00000008                 : _lock.obj (.far)
                  00003498    00000008                 : memory.obj (.far)
                  000034a0    00000008                 : trgdrv.obj (.far)

.cinit     0    000034a8    00000154     
                  000034a8    0000005c     rts6740.lib : defs.obj (.cinit)
                  00003504    00000004     --HOLE-- [fill = 0]
                  00003508    0000005c                 : lowlev.obj (.cinit)
                  00003564    00000004     --HOLE-- [fill = 0]
                  00003568    0000002c                 : exit.obj (.cinit)
                  00003594    00000004     --HOLE-- [fill = 0]
                  00003598    0000002c                 : memory.obj (.cinit)
                  000035c4    00000004     --HOLE-- [fill = 0]
                  000035c8    0000001c                 : _lock.obj (.cinit)
                  000035e4    00000004     --HOLE-- [fill = 0]
                  000035e8    0000000c                 : fopen.obj (.cinit)
                  000035f4    00000004     --HOLE-- [fill = 0]
                  000035f8    00000004     (.pad.cinit) [fill = 0]

.cio       0    00003600    00000120     UNINITIALIZED
                  00003600    00000120     rts6740.lib : trgmsg.obj (.cio)

.const     0    00003720    000000c4     
                  00003720    000000c4     main.obj (.const:.string)


GLOBAL SYMBOLS: SORTED ALPHABETICALLY BY Name 

address    name
--------   ----
00000008   $bss
00000008   .bss
00000008   .data
00000020   .text
00001fe0   C$$EXIT
00001f78   C$$IO$$
000017a0   _HOSTclose
00000e60   _HOSTlseek
00001060   _HOSTopen
00001140   _HOSTread
000006c0   _HOSTrename
000013e0   _HOSTunlink
000014a0   _HOSTwrite
00003600   __CIOBUF_
00002840   __STACK_END
00000800   __STACK_SIZE
00000800   __SYSMEM_SIZE
00000001   __TI_args_main
00001ec0   ___TI_cpp_init
0000348c   ___TI_enable_exit_profile_output
ffffffff   ___TI_pprof_out_hndl
ffffffff   ___TI_prof_data_size
ffffffff   ___TI_prof_data_start
ffffffff   ___binit__
00000008   ___bss__
ffffffff   ___c_args__
000034a8   ___cinit__
00000008   ___data__
00000008   ___edata__
00000008   ___end__
00002040   ___etext__
ffffffff   ___pinit__
00000020   ___text__
00001f80   __args_main
00001560   __auto_init
00001840   __cleanup
00003484   __cleanup_ptr
00000b00   __closefile
00001620   __doflush
00003488   __dtors_ptr
00003360   __ft_end
00003040   __ftable
00003490   __lock
00001fc0   __nop
00002040   __stack
00002840   __sys_memory
00003220   __tmpnams
00003494   __unlock
00000f60   __wrt_ok
00001fe0   _abort
00001d40   _c_int00
00001220   _close
000018e0   _copy_in
000016e0   _exit
00001300   _fflush
000002a0   _fputc
00000020   _free
00000c20   _fseek
00001a20   _lseek
00000d84   _main
00000840   _malloc
00001ac0   _memcpy
000002a0   _putc
00002000   _putchar
00000d40   _putstring
00001dc0   _readmsg
00002020   _remove
000004c0   _setvbuf
00001e40   _unlink
00001ca0   _write
00001f20   _writemsg
ffffffff   binit
000034a8   cinit
00000008   edata
00000008   end
00002040   etext
ffffffff   pinit


GLOBAL SYMBOLS: SORTED BY Symbol Address 

address    name
--------   ----
00000001   __TI_args_main
00000008   $bss
00000008   .bss
00000008   .data
00000008   ___bss__
00000008   ___data__
00000008   ___edata__
00000008   ___end__
00000008   edata
00000008   end
00000020   .text
00000020   ___text__
00000020   _free
000002a0   _fputc
000002a0   _putc
000004c0   _setvbuf
000006c0   _HOSTrename
00000800   __STACK_SIZE
00000800   __SYSMEM_SIZE
00000840   _malloc
00000b00   __closefile
00000c20   _fseek
00000d40   _putstring
00000d84   _main
00000e60   _HOSTlseek
00000f60   __wrt_ok
00001060   _HOSTopen
00001140   _HOSTread
00001220   _close
00001300   _fflush
000013e0   _HOSTunlink
000014a0   _HOSTwrite
00001560   __auto_init
00001620   __doflush
000016e0   _exit
000017a0   _HOSTclose
00001840   __cleanup
000018e0   _copy_in
00001a20   _lseek
00001ac0   _memcpy
00001ca0   _write
00001d40   _c_int00
00001dc0   _readmsg
00001e40   _unlink
00001ec0   ___TI_cpp_init
00001f20   _writemsg
00001f78   C$$IO$$
00001f80   __args_main
00001fc0   __nop
00001fe0   C$$EXIT
00001fe0   _abort
00002000   _putchar
00002020   _remove
00002040   ___etext__
00002040   __stack
00002040   etext
00002840   __STACK_END
00002840   __sys_memory
00003040   __ftable
00003220   __tmpnams
00003360   __ft_end
00003484   __cleanup_ptr
00003488   __dtors_ptr
0000348c   ___TI_enable_exit_profile_output
00003490   __lock
00003494   __unlock
000034a8   ___cinit__
000034a8   cinit
00003600   __CIOBUF_
ffffffff   ___TI_pprof_out_hndl
ffffffff   ___TI_prof_data_size
ffffffff   ___TI_prof_data_start
ffffffff   ___binit__
ffffffff   ___c_args__
ffffffff   ___pinit__
ffffffff   binit
ffffffff   pinit

[77 symbols]
