<?xml version="1.0"?>
<link_info>
   <banner>TMS320C6x Linker PC v7.4.8</banner>
   <copyright>Copyright (c) 1996-2014 Texas Instruments Incorporated</copyright>
   <link_time>0x5522710b</link_time>
   <output_file>MyDspHelloWorld.out</output_file>
   <entry_point>
      <name>_c_int00</name>
      <address>0x1d40</address>
   </entry_point>
   <input_file_list>
      <input_file id="fl-2">
         <path>.\src\</path>
         <kind>object</kind>
         <file>main.obj</file>
         <name>main.obj</name>
      </input_file>
      <input_file id="fl-7d">
         <path>C:\ti\ccsv6\tools\compiler\c6000_7.4.8\lib\</path>
         <kind>archive</kind>
         <file>rts6740.lib</file>
         <name>boot.obj</name>
      </input_file>
      <input_file id="fl-7e">
         <path>C:\ti\ccsv6\tools\compiler\c6000_7.4.8\lib\</path>
         <kind>archive</kind>
         <file>rts6740.lib</file>
         <name>defs.obj</name>
      </input_file>
      <input_file id="fl-7f">
         <path>C:\ti\ccsv6\tools\compiler\c6000_7.4.8\lib\</path>
         <kind>archive</kind>
         <file>rts6740.lib</file>
         <name>exit.obj</name>
      </input_file>
      <input_file id="fl-80">
         <path>C:\ti\ccsv6\tools\compiler\c6000_7.4.8\lib\</path>
         <kind>archive</kind>
         <file>rts6740.lib</file>
         <name>fflush.obj</name>
      </input_file>
      <input_file id="fl-81">
         <path>C:\ti\ccsv6\tools\compiler\c6000_7.4.8\lib\</path>
         <kind>archive</kind>
         <file>rts6740.lib</file>
         <name>fputc.obj</name>
      </input_file>
      <input_file id="fl-82">
         <path>C:\ti\ccsv6\tools\compiler\c6000_7.4.8\lib\</path>
         <kind>archive</kind>
         <file>rts6740.lib</file>
         <name>lowlev.obj</name>
      </input_file>
      <input_file id="fl-83">
         <path>C:\ti\ccsv6\tools\compiler\c6000_7.4.8\lib\</path>
         <kind>archive</kind>
         <file>rts6740.lib</file>
         <name>trgdrv.obj</name>
      </input_file>
      <input_file id="fl-84">
         <path>C:\ti\ccsv6\tools\compiler\c6000_7.4.8\lib\</path>
         <kind>archive</kind>
         <file>rts6740.lib</file>
         <name>trgmsg.obj</name>
      </input_file>
      <input_file id="fl-85">
         <path>C:\ti\ccsv6\tools\compiler\c6000_7.4.8\lib\</path>
         <kind>archive</kind>
         <file>rts6740.lib</file>
         <name>_io_perm.obj</name>
      </input_file>
      <input_file id="fl-86">
         <path>C:\ti\ccsv6\tools\compiler\c6000_7.4.8\lib\</path>
         <kind>archive</kind>
         <file>rts6740.lib</file>
         <name>_lock.obj</name>
      </input_file>
      <input_file id="fl-87">
         <path>C:\ti\ccsv6\tools\compiler\c6000_7.4.8\lib\</path>
         <kind>archive</kind>
         <file>rts6740.lib</file>
         <name>args_main.obj</name>
      </input_file>
      <input_file id="fl-88">
         <path>C:\ti\ccsv6\tools\compiler\c6000_7.4.8\lib\</path>
         <kind>archive</kind>
         <file>rts6740.lib</file>
         <name>autoinit.obj</name>
      </input_file>
      <input_file id="fl-89">
         <path>C:\ti\ccsv6\tools\compiler\c6000_7.4.8\lib\</path>
         <kind>archive</kind>
         <file>rts6740.lib</file>
         <name>cpp_init.obj</name>
      </input_file>
      <input_file id="fl-8a">
         <path>C:\ti\ccsv6\tools\compiler\c6000_7.4.8\lib\</path>
         <kind>archive</kind>
         <file>rts6740.lib</file>
         <name>cpy_tbl.obj</name>
      </input_file>
      <input_file id="fl-8b">
         <path>C:\ti\ccsv6\tools\compiler\c6000_7.4.8\lib\</path>
         <kind>archive</kind>
         <file>rts6740.lib</file>
         <name>fseek.obj</name>
      </input_file>
      <input_file id="fl-8c">
         <path>C:\ti\ccsv6\tools\compiler\c6000_7.4.8\lib\</path>
         <kind>archive</kind>
         <file>rts6740.lib</file>
         <name>memcpy64.obj</name>
      </input_file>
      <input_file id="fl-8d">
         <path>C:\ti\ccsv6\tools\compiler\c6000_7.4.8\lib\</path>
         <kind>archive</kind>
         <file>rts6740.lib</file>
         <name>setvbuf.obj</name>
      </input_file>
      <input_file id="fl-8e">
         <path>C:\ti\ccsv6\tools\compiler\c6000_7.4.8\lib\</path>
         <kind>archive</kind>
         <file>rts6740.lib</file>
         <name>fopen.obj</name>
      </input_file>
      <input_file id="fl-8f">
         <path>C:\ti\ccsv6\tools\compiler\c6000_7.4.8\lib\</path>
         <kind>archive</kind>
         <file>rts6740.lib</file>
         <name>memory.obj</name>
      </input_file>
      <input_file id="fl-90">
         <path>C:\ti\ccsv6\tools\compiler\c6000_7.4.8\lib\</path>
         <kind>archive</kind>
         <file>rts6740.lib</file>
         <name>memset.obj</name>
      </input_file>
      <input_file id="fl-91">
         <path>C:\ti\ccsv6\tools\compiler\c6000_7.4.8\lib\</path>
         <kind>archive</kind>
         <file>rts6740.lib</file>
         <name>fclose.obj</name>
      </input_file>
      <input_file id="fl-92">
         <path>C:\ti\ccsv6\tools\compiler\c6000_7.4.8\lib\</path>
         <kind>archive</kind>
         <file>rts6740.lib</file>
         <name>remove.obj</name>
      </input_file>
   </input_file_list>
   <object_component_list>
      <object_component id="oc-74">
         <name>.text:_free</name>
         <load_address>0x20</load_address>
         <run_address>0x20</run_address>
         <size>0x280</size>
         <input_file_ref idref="fl-8f"/>
      </object_component>
      <object_component id="oc-6d">
         <name>.text:_fputc</name>
         <load_address>0x2a0</load_address>
         <run_address>0x2a0</run_address>
         <size>0x220</size>
         <input_file_ref idref="fl-81"/>
      </object_component>
      <object_component id="oc-72">
         <name>.text:_setvbuf</name>
         <load_address>0x4c0</load_address>
         <run_address>0x4c0</run_address>
         <size>0x200</size>
         <input_file_ref idref="fl-8d"/>
      </object_component>
      <object_component id="oc-62">
         <name>.text:_HOSTrename</name>
         <load_address>0x6c0</load_address>
         <run_address>0x6c0</run_address>
         <size>0x180</size>
         <input_file_ref idref="fl-83"/>
      </object_component>
      <object_component id="oc-75">
         <name>.text:_malloc</name>
         <load_address>0x840</load_address>
         <run_address>0x840</run_address>
         <size>0x180</size>
         <input_file_ref idref="fl-8f"/>
      </object_component>
      <object_component id="oc-7d">
         <name>.text:_getdevice</name>
         <load_address>0x9c0</load_address>
         <run_address>0x9c0</run_address>
         <size>0x140</size>
         <input_file_ref idref="fl-82"/>
      </object_component>
      <object_component id="oc-79">
         <name>.text:__closefile</name>
         <load_address>0xb00</load_address>
         <run_address>0xb00</run_address>
         <size>0x120</size>
         <input_file_ref idref="fl-91"/>
      </object_component>
      <object_component id="oc-71">
         <name>.text:_fseek</name>
         <load_address>0xc20</load_address>
         <run_address>0xc20</run_address>
         <size>0x120</size>
         <input_file_ref idref="fl-8b"/>
      </object_component>
      <object_component id="oc-67">
         <name>.text</name>
         <load_address>0xd40</load_address>
         <run_address>0xd40</run_address>
         <size>0x120</size>
         <input_file_ref idref="fl-2"/>
      </object_component>
      <object_component id="oc-60">
         <name>.text:_HOSTlseek</name>
         <load_address>0xe60</load_address>
         <run_address>0xe60</run_address>
         <size>0x100</size>
         <input_file_ref idref="fl-83"/>
      </object_component>
      <object_component id="oc-6f">
         <name>.text:__wrt_ok</name>
         <load_address>0xf60</load_address>
         <run_address>0xf60</run_address>
         <size>0x100</size>
         <input_file_ref idref="fl-85"/>
      </object_component>
      <object_component id="oc-5c">
         <name>.text:_HOSTopen</name>
         <load_address>0x1060</load_address>
         <run_address>0x1060</run_address>
         <size>0xe0</size>
         <input_file_ref idref="fl-83"/>
      </object_component>
      <object_component id="oc-5e">
         <name>.text:_HOSTread</name>
         <load_address>0x1140</load_address>
         <run_address>0x1140</run_address>
         <size>0xe0</size>
         <input_file_ref idref="fl-83"/>
      </object_component>
      <object_component id="oc-7a">
         <name>.text:_close</name>
         <load_address>0x1220</load_address>
         <run_address>0x1220</run_address>
         <size>0xe0</size>
         <input_file_ref idref="fl-82"/>
      </object_component>
      <object_component id="oc-6c">
         <name>.text:_fflush</name>
         <load_address>0x1300</load_address>
         <run_address>0x1300</run_address>
         <size>0xe0</size>
         <input_file_ref idref="fl-80"/>
      </object_component>
      <object_component id="oc-61">
         <name>.text:_HOSTunlink</name>
         <load_address>0x13e0</load_address>
         <run_address>0x13e0</run_address>
         <size>0xc0</size>
         <input_file_ref idref="fl-83"/>
      </object_component>
      <object_component id="oc-5f">
         <name>.text:_HOSTwrite</name>
         <load_address>0x14a0</load_address>
         <run_address>0x14a0</run_address>
         <size>0xc0</size>
         <input_file_ref idref="fl-83"/>
      </object_component>
      <object_component id="oc-59">
         <name>.text:__auto_init</name>
         <load_address>0x1560</load_address>
         <run_address>0x1560</run_address>
         <size>0xc0</size>
         <input_file_ref idref="fl-88"/>
      </object_component>
      <object_component id="oc-6e">
         <name>.text:__doflush</name>
         <load_address>0x1620</load_address>
         <run_address>0x1620</run_address>
         <size>0xc0</size>
         <input_file_ref idref="fl-80"/>
      </object_component>
      <object_component id="oc-5b">
         <name>.text:_exit</name>
         <load_address>0x16e0</load_address>
         <run_address>0x16e0</run_address>
         <size>0xc0</size>
         <input_file_ref idref="fl-7f"/>
      </object_component>
      <object_component id="oc-5d">
         <name>.text:_HOSTclose</name>
         <load_address>0x17a0</load_address>
         <run_address>0x17a0</run_address>
         <size>0xa0</size>
         <input_file_ref idref="fl-83"/>
      </object_component>
      <object_component id="oc-76">
         <name>.text:__cleanup</name>
         <load_address>0x1840</load_address>
         <run_address>0x1840</run_address>
         <size>0xa0</size>
         <input_file_ref idref="fl-8e"/>
      </object_component>
      <object_component id="oc-64">
         <name>.text:_copy_in</name>
         <load_address>0x18e0</load_address>
         <run_address>0x18e0</run_address>
         <size>0xa0</size>
         <input_file_ref idref="fl-8a"/>
      </object_component>
      <object_component id="oc-7e">
         <name>.text:_finddevice</name>
         <load_address>0x1980</load_address>
         <run_address>0x1980</run_address>
         <size>0xa0</size>
         <input_file_ref idref="fl-82"/>
      </object_component>
      <object_component id="oc-73">
         <name>.text:_lseek</name>
         <load_address>0x1a20</load_address>
         <run_address>0x1a20</run_address>
         <size>0xa0</size>
         <input_file_ref idref="fl-82"/>
      </object_component>
      <object_component id="oc-65">
         <name>.text:_memcpy</name>
         <load_address>0x1ac0</load_address>
         <run_address>0x1ac0</run_address>
         <size>0xa0</size>
         <input_file_ref idref="fl-8c"/>
      </object_component>
      <object_component id="oc-78">
         <name>.text:_minsert</name>
         <load_address>0x1b60</load_address>
         <run_address>0x1b60</run_address>
         <size>0xa0</size>
         <input_file_ref idref="fl-8f"/>
      </object_component>
      <object_component id="oc-77">
         <name>.text:_mremove</name>
         <load_address>0x1c00</load_address>
         <run_address>0x1c00</run_address>
         <size>0xa0</size>
         <input_file_ref idref="fl-8f"/>
      </object_component>
      <object_component id="oc-70">
         <name>.text:_write</name>
         <load_address>0x1ca0</load_address>
         <run_address>0x1ca0</run_address>
         <size>0xa0</size>
         <input_file_ref idref="fl-82"/>
      </object_component>
      <object_component id="oc-2">
         <name>.text:_c_int00</name>
         <load_address>0x1d40</load_address>
         <run_address>0x1d40</run_address>
         <size>0x80</size>
         <input_file_ref idref="fl-7d"/>
      </object_component>
      <object_component id="oc-6a">
         <name>.text:_readmsg</name>
         <load_address>0x1dc0</load_address>
         <run_address>0x1dc0</run_address>
         <size>0x80</size>
         <input_file_ref idref="fl-84"/>
      </object_component>
      <object_component id="oc-7c">
         <name>.text:_unlink</name>
         <load_address>0x1e40</load_address>
         <run_address>0x1e40</run_address>
         <size>0x80</size>
         <input_file_ref idref="fl-82"/>
      </object_component>
      <object_component id="oc-66">
         <name>.text:___TI_cpp_init</name>
         <load_address>0x1ec0</load_address>
         <run_address>0x1ec0</run_address>
         <size>0x60</size>
         <input_file_ref idref="fl-89"/>
      </object_component>
      <object_component id="oc-69">
         <name>.text:_writemsg</name>
         <load_address>0x1f20</load_address>
         <run_address>0x1f20</run_address>
         <size>0x60</size>
         <input_file_ref idref="fl-84"/>
      </object_component>
      <object_component id="oc-5a">
         <name>.text:__args_main</name>
         <load_address>0x1f80</load_address>
         <run_address>0x1f80</run_address>
         <size>0x40</size>
         <input_file_ref idref="fl-87"/>
      </object_component>
      <object_component id="oc-63">
         <name>.text:__nop</name>
         <load_address>0x1fc0</load_address>
         <run_address>0x1fc0</run_address>
         <size>0x20</size>
         <input_file_ref idref="fl-86"/>
      </object_component>
      <object_component id="oc-68">
         <name>.text:_abort</name>
         <load_address>0x1fe0</load_address>
         <run_address>0x1fe0</run_address>
         <size>0x20</size>
         <input_file_ref idref="fl-7f"/>
      </object_component>
      <object_component id="oc-6b">
         <name>.text:_putchar</name>
         <load_address>0x2000</load_address>
         <run_address>0x2000</run_address>
         <size>0x20</size>
         <input_file_ref idref="fl-81"/>
      </object_component>
      <object_component id="oc-7b">
         <name>.text:_remove</name>
         <load_address>0x2020</load_address>
         <run_address>0x2020</run_address>
         <size>0x20</size>
         <input_file_ref idref="fl-92"/>
      </object_component>
      <object_component id="oc-4">
         <name>.const:.string</name>
         <load_address>0x3720</load_address>
         <run_address>0x3720</run_address>
         <size>0xc4</size>
         <input_file_ref idref="fl-2"/>
      </object_component>
      <object_component id="oc-d">
         <name>.cinit</name>
         <load_address>0x34a8</load_address>
         <run_address>0x34a8</run_address>
         <size>0x5c</size>
         <input_file_ref idref="fl-7e"/>
      </object_component>
      <object_component id="oc-1c">
         <name>.cinit</name>
         <load_address>0x3508</load_address>
         <run_address>0x3508</run_address>
         <size>0x5c</size>
         <input_file_ref idref="fl-82"/>
      </object_component>
      <object_component id="oc-11">
         <name>.cinit</name>
         <load_address>0x3568</load_address>
         <run_address>0x3568</run_address>
         <size>0x2c</size>
         <input_file_ref idref="fl-7f"/>
      </object_component>
      <object_component id="oc-4b">
         <name>.cinit</name>
         <load_address>0x3598</load_address>
         <run_address>0x3598</run_address>
         <size>0x2c</size>
         <input_file_ref idref="fl-8f"/>
      </object_component>
      <object_component id="oc-2c">
         <name>.cinit</name>
         <load_address>0x35c8</load_address>
         <run_address>0x35c8</run_address>
         <size>0x1c</size>
         <input_file_ref idref="fl-86"/>
      </object_component>
      <object_component id="oc-46">
         <name>.cinit</name>
         <load_address>0x35e8</load_address>
         <run_address>0x35e8</run_address>
         <size>0xc</size>
         <input_file_ref idref="fl-8e"/>
      </object_component>
      <object_component id="oc-9">
         <name>.stack</name>
         <uninitialized>true</uninitialized>
         <run_address>0x2040</run_address>
         <size>0x8</size>
         <input_file_ref idref="fl-7d"/>
      </object_component>
      <object_component id="oc-a2">
         <name>.stack</name>
         <uninitialized>true</uninitialized>
         <run_address>0x2040</run_address>
         <size>0x0</size>
      </object_component>
      <object_component id="oc-4d">
         <name>.sysmem</name>
         <uninitialized>true</uninitialized>
         <run_address>0x2840</run_address>
         <size>0x8</size>
         <input_file_ref idref="fl-8f"/>
      </object_component>
      <object_component id="oc-a3">
         <name>.sysmem</name>
         <uninitialized>true</uninitialized>
         <run_address>0x2840</run_address>
         <size>0x0</size>
      </object_component>
      <object_component id="oc-e">
         <name>.far</name>
         <uninitialized>true</uninitialized>
         <run_address>0x3040</run_address>
         <size>0x324</size>
         <input_file_ref idref="fl-7e"/>
      </object_component>
      <object_component id="oc-12">
         <name>.far</name>
         <uninitialized>true</uninitialized>
         <run_address>0x3484</run_address>
         <size>0xc</size>
         <input_file_ref idref="fl-7f"/>
      </object_component>
      <object_component id="oc-1d">
         <name>.far</name>
         <uninitialized>true</uninitialized>
         <run_address>0x3368</run_address>
         <size>0x11c</size>
         <input_file_ref idref="fl-82"/>
      </object_component>
      <object_component id="oc-21">
         <name>.far</name>
         <uninitialized>true</uninitialized>
         <run_address>0x34a0</run_address>
         <size>0x8</size>
         <input_file_ref idref="fl-83"/>
      </object_component>
      <object_component id="oc-2d">
         <name>.far</name>
         <uninitialized>true</uninitialized>
         <run_address>0x3490</run_address>
         <size>0x8</size>
         <input_file_ref idref="fl-86"/>
      </object_component>
      <object_component id="oc-47">
         <name>.far</name>
         <uninitialized>true</uninitialized>
         <run_address>0x3364</run_address>
         <size>0x4</size>
         <input_file_ref idref="fl-8e"/>
      </object_component>
      <object_component id="oc-4c">
         <name>.far</name>
         <uninitialized>true</uninitialized>
         <run_address>0x3498</run_address>
         <size>0x8</size>
         <input_file_ref idref="fl-8f"/>
      </object_component>
      <object_component id="oc-25">
         <name>.cio</name>
         <uninitialized>true</uninitialized>
         <run_address>0x3600</run_address>
         <size>0x120</size>
         <input_file_ref idref="fl-84"/>
      </object_component>
      <object_component id="oc-3">
         <name>.debug_info</name>
         <load_address>0x0</load_address>
         <run_address>0x0</run_address>
         <size>0x971</size>
         <input_file_ref idref="fl-2"/>
      </object_component>
      <object_component id="oc-8">
         <name>.debug_info</name>
         <load_address>0x971</load_address>
         <run_address>0x971</run_address>
         <size>0x6f2</size>
         <input_file_ref idref="fl-7d"/>
      </object_component>
      <object_component id="oc-c">
         <name>.debug_info</name>
         <load_address>0x1063</load_address>
         <run_address>0x1063</run_address>
         <size>0x6ce</size>
         <input_file_ref idref="fl-7e"/>
      </object_component>
      <object_component id="oc-10">
         <name>.debug_info</name>
         <load_address>0x1731</load_address>
         <run_address>0x1731</run_address>
         <size>0x7bf</size>
         <input_file_ref idref="fl-7f"/>
      </object_component>
      <object_component id="oc-15">
         <name>.debug_info</name>
         <load_address>0x1ef0</load_address>
         <run_address>0x1ef0</run_address>
         <size>0x857</size>
         <input_file_ref idref="fl-80"/>
      </object_component>
      <object_component id="oc-18">
         <name>.debug_info</name>
         <load_address>0x2747</load_address>
         <run_address>0x2747</run_address>
         <size>0x86a</size>
         <input_file_ref idref="fl-81"/>
      </object_component>
      <object_component id="oc-1b">
         <name>.debug_info</name>
         <load_address>0x2fb1</load_address>
         <run_address>0x2fb1</run_address>
         <size>0xe70</size>
         <input_file_ref idref="fl-82"/>
      </object_component>
      <object_component id="oc-20">
         <name>.debug_info</name>
         <load_address>0x3e21</load_address>
         <run_address>0x3e21</run_address>
         <size>0xdc3</size>
         <input_file_ref idref="fl-83"/>
      </object_component>
      <object_component id="oc-24">
         <name>.debug_info</name>
         <load_address>0x4be4</load_address>
         <run_address>0x4be4</run_address>
         <size>0x850</size>
         <input_file_ref idref="fl-84"/>
      </object_component>
      <object_component id="oc-28">
         <name>.debug_info</name>
         <load_address>0x5434</load_address>
         <run_address>0x5434</run_address>
         <size>0x741</size>
         <input_file_ref idref="fl-85"/>
      </object_component>
      <object_component id="oc-2b">
         <name>.debug_info</name>
         <load_address>0x5b75</load_address>
         <run_address>0x5b75</run_address>
         <size>0x633</size>
         <input_file_ref idref="fl-86"/>
      </object_component>
      <object_component id="oc-30">
         <name>.debug_info</name>
         <load_address>0x61a8</load_address>
         <run_address>0x61a8</run_address>
         <size>0x6c8</size>
         <input_file_ref idref="fl-87"/>
      </object_component>
      <object_component id="oc-33">
         <name>.debug_info</name>
         <load_address>0x6870</load_address>
         <run_address>0x6870</run_address>
         <size>0x83e</size>
         <input_file_ref idref="fl-88"/>
      </object_component>
      <object_component id="oc-36">
         <name>.debug_info</name>
         <load_address>0x70ae</load_address>
         <run_address>0x70ae</run_address>
         <size>0x6b6</size>
         <input_file_ref idref="fl-89"/>
      </object_component>
      <object_component id="oc-39">
         <name>.debug_info</name>
         <load_address>0x7764</load_address>
         <run_address>0x7764</run_address>
         <size>0x7ac</size>
         <input_file_ref idref="fl-8a"/>
      </object_component>
      <object_component id="oc-3c">
         <name>.debug_info</name>
         <load_address>0x7f10</load_address>
         <run_address>0x7f10</run_address>
         <size>0x7a0</size>
         <input_file_ref idref="fl-8b"/>
      </object_component>
      <object_component id="oc-3f">
         <name>.debug_info</name>
         <load_address>0x86b0</load_address>
         <run_address>0x86b0</run_address>
         <size>0xcc</size>
         <input_file_ref idref="fl-8c"/>
      </object_component>
      <object_component id="oc-42">
         <name>.debug_info</name>
         <load_address>0x877c</load_address>
         <run_address>0x877c</run_address>
         <size>0x7fa</size>
         <input_file_ref idref="fl-8d"/>
      </object_component>
      <object_component id="oc-45">
         <name>.debug_info</name>
         <load_address>0x8f76</load_address>
         <run_address>0x8f76</run_address>
         <size>0x852</size>
         <input_file_ref idref="fl-8e"/>
      </object_component>
      <object_component id="oc-4a">
         <name>.debug_info</name>
         <load_address>0x97c8</load_address>
         <run_address>0x97c8</run_address>
         <size>0xabf</size>
         <input_file_ref idref="fl-8f"/>
      </object_component>
      <object_component id="oc-50">
         <name>.debug_info</name>
         <load_address>0xa287</load_address>
         <run_address>0xa287</run_address>
         <size>0x6d5</size>
         <input_file_ref idref="fl-90"/>
      </object_component>
      <object_component id="oc-53">
         <name>.debug_info</name>
         <load_address>0xa95c</load_address>
         <run_address>0xa95c</run_address>
         <size>0x7ed</size>
         <input_file_ref idref="fl-91"/>
      </object_component>
      <object_component id="oc-56">
         <name>.debug_info</name>
         <load_address>0xb149</load_address>
         <run_address>0xb149</run_address>
         <size>0x64b</size>
         <input_file_ref idref="fl-92"/>
      </object_component>
      <object_component id="oc-b6">
         <name>.debug_info</name>
         <load_address>0xb794</load_address>
         <run_address>0xb794</run_address>
         <size>0x6d</size>
      </object_component>
      <object_component id="oc-5">
         <name>.debug_frame</name>
         <load_address>0x0</load_address>
         <run_address>0x0</run_address>
         <size>0x27c</size>
         <input_file_ref idref="fl-2"/>
      </object_component>
      <object_component id="oc-6">
         <name>.debug_line</name>
         <load_address>0x0</load_address>
         <run_address>0x0</run_address>
         <size>0x80</size>
         <input_file_ref idref="fl-2"/>
      </object_component>
      <object_component id="oc-a">
         <name>.debug_line</name>
         <load_address>0x80</load_address>
         <run_address>0x80</run_address>
         <size>0x3d</size>
         <input_file_ref idref="fl-7d"/>
      </object_component>
      <object_component id="oc-13">
         <name>.debug_line</name>
         <load_address>0xbd</load_address>
         <run_address>0xbd</run_address>
         <size>0x4f</size>
         <input_file_ref idref="fl-7f"/>
      </object_component>
      <object_component id="oc-16">
         <name>.debug_line</name>
         <load_address>0x10c</load_address>
         <run_address>0x10c</run_address>
         <size>0x5c</size>
         <input_file_ref idref="fl-80"/>
      </object_component>
      <object_component id="oc-19">
         <name>.debug_line</name>
         <load_address>0x168</load_address>
         <run_address>0x168</run_address>
         <size>0x55</size>
         <input_file_ref idref="fl-81"/>
      </object_component>
      <object_component id="oc-1e">
         <name>.debug_line</name>
         <load_address>0x1bd</load_address>
         <run_address>0x1bd</run_address>
         <size>0xf5</size>
         <input_file_ref idref="fl-82"/>
      </object_component>
      <object_component id="oc-22">
         <name>.debug_line</name>
         <load_address>0x2b2</load_address>
         <run_address>0x2b2</run_address>
         <size>0x126</size>
         <input_file_ref idref="fl-83"/>
      </object_component>
      <object_component id="oc-26">
         <name>.debug_line</name>
         <load_address>0x3d8</load_address>
         <run_address>0x3d8</run_address>
         <size>0x66</size>
         <input_file_ref idref="fl-84"/>
      </object_component>
      <object_component id="oc-29">
         <name>.debug_line</name>
         <load_address>0x43e</load_address>
         <run_address>0x43e</run_address>
         <size>0x40</size>
         <input_file_ref idref="fl-85"/>
      </object_component>
      <object_component id="oc-2e">
         <name>.debug_line</name>
         <load_address>0x47e</load_address>
         <run_address>0x47e</run_address>
         <size>0x35</size>
         <input_file_ref idref="fl-86"/>
      </object_component>
      <object_component id="oc-31">
         <name>.debug_line</name>
         <load_address>0x4b3</load_address>
         <run_address>0x4b3</run_address>
         <size>0x3f</size>
         <input_file_ref idref="fl-87"/>
      </object_component>
      <object_component id="oc-34">
         <name>.debug_line</name>
         <load_address>0x4f2</load_address>
         <run_address>0x4f2</run_address>
         <size>0x49</size>
         <input_file_ref idref="fl-88"/>
      </object_component>
      <object_component id="oc-37">
         <name>.debug_line</name>
         <load_address>0x53b</load_address>
         <run_address>0x53b</run_address>
         <size>0x45</size>
         <input_file_ref idref="fl-89"/>
      </object_component>
      <object_component id="oc-3a">
         <name>.debug_line</name>
         <load_address>0x580</load_address>
         <run_address>0x580</run_address>
         <size>0x44</size>
         <input_file_ref idref="fl-8a"/>
      </object_component>
      <object_component id="oc-3d">
         <name>.debug_line</name>
         <load_address>0x5c4</load_address>
         <run_address>0x5c4</run_address>
         <size>0x3c</size>
         <input_file_ref idref="fl-8b"/>
      </object_component>
      <object_component id="oc-40">
         <name>.debug_line</name>
         <load_address>0x600</load_address>
         <run_address>0x600</run_address>
         <size>0x4a</size>
         <input_file_ref idref="fl-8c"/>
      </object_component>
      <object_component id="oc-43">
         <name>.debug_line</name>
         <load_address>0x64a</load_address>
         <run_address>0x64a</run_address>
         <size>0x40</size>
         <input_file_ref idref="fl-8d"/>
      </object_component>
      <object_component id="oc-48">
         <name>.debug_line</name>
         <load_address>0x68a</load_address>
         <run_address>0x68a</run_address>
         <size>0x42</size>
         <input_file_ref idref="fl-8e"/>
      </object_component>
      <object_component id="oc-4e">
         <name>.debug_line</name>
         <load_address>0x6cc</load_address>
         <run_address>0x6cc</run_address>
         <size>0xa7</size>
         <input_file_ref idref="fl-8f"/>
      </object_component>
      <object_component id="oc-51">
         <name>.debug_line</name>
         <load_address>0x773</load_address>
         <run_address>0x773</run_address>
         <size>0x26</size>
         <input_file_ref idref="fl-90"/>
      </object_component>
      <object_component id="oc-54">
         <name>.debug_line</name>
         <load_address>0x799</load_address>
         <run_address>0x799</run_address>
         <size>0x3e</size>
         <input_file_ref idref="fl-91"/>
      </object_component>
      <object_component id="oc-57">
         <name>.debug_line</name>
         <load_address>0x7d7</load_address>
         <run_address>0x7d7</run_address>
         <size>0x39</size>
         <input_file_ref idref="fl-92"/>
      </object_component>
      <object_component id="oc-7">
         <name>.debug_abbrev</name>
         <load_address>0x0</load_address>
         <run_address>0x0</run_address>
         <size>0x13b</size>
         <input_file_ref idref="fl-2"/>
      </object_component>
      <object_component id="oc-b">
         <name>.debug_abbrev</name>
         <load_address>0x13b</load_address>
         <run_address>0x13b</run_address>
         <size>0xfe</size>
         <input_file_ref idref="fl-7d"/>
      </object_component>
      <object_component id="oc-f">
         <name>.debug_abbrev</name>
         <load_address>0x239</load_address>
         <run_address>0x239</run_address>
         <size>0x8e</size>
         <input_file_ref idref="fl-7e"/>
      </object_component>
      <object_component id="oc-14">
         <name>.debug_abbrev</name>
         <load_address>0x2c7</load_address>
         <run_address>0x2c7</run_address>
         <size>0x119</size>
         <input_file_ref idref="fl-7f"/>
      </object_component>
      <object_component id="oc-17">
         <name>.debug_abbrev</name>
         <load_address>0x3e0</load_address>
         <run_address>0x3e0</run_address>
         <size>0x12d</size>
         <input_file_ref idref="fl-80"/>
      </object_component>
      <object_component id="oc-1a">
         <name>.debug_abbrev</name>
         <load_address>0x50d</load_address>
         <run_address>0x50d</run_address>
         <size>0x11f</size>
         <input_file_ref idref="fl-81"/>
      </object_component>
      <object_component id="oc-1f">
         <name>.debug_abbrev</name>
         <load_address>0x62c</load_address>
         <run_address>0x62c</run_address>
         <size>0x215</size>
         <input_file_ref idref="fl-82"/>
      </object_component>
      <object_component id="oc-23">
         <name>.debug_abbrev</name>
         <load_address>0x841</load_address>
         <run_address>0x841</run_address>
         <size>0x180</size>
         <input_file_ref idref="fl-83"/>
      </object_component>
      <object_component id="oc-27">
         <name>.debug_abbrev</name>
         <load_address>0x9c1</load_address>
         <run_address>0x9c1</run_address>
         <size>0xd5</size>
         <input_file_ref idref="fl-84"/>
      </object_component>
      <object_component id="oc-2a">
         <name>.debug_abbrev</name>
         <load_address>0xa96</load_address>
         <run_address>0xa96</run_address>
         <size>0xd1</size>
         <input_file_ref idref="fl-85"/>
      </object_component>
      <object_component id="oc-2f">
         <name>.debug_abbrev</name>
         <load_address>0xb67</load_address>
         <run_address>0xb67</run_address>
         <size>0x9f</size>
         <input_file_ref idref="fl-86"/>
      </object_component>
      <object_component id="oc-32">
         <name>.debug_abbrev</name>
         <load_address>0xc06</load_address>
         <run_address>0xc06</run_address>
         <size>0xe1</size>
         <input_file_ref idref="fl-87"/>
      </object_component>
      <object_component id="oc-35">
         <name>.debug_abbrev</name>
         <load_address>0xce7</load_address>
         <run_address>0xce7</run_address>
         <size>0x13f</size>
         <input_file_ref idref="fl-88"/>
      </object_component>
      <object_component id="oc-38">
         <name>.debug_abbrev</name>
         <load_address>0xe26</load_address>
         <run_address>0xe26</run_address>
         <size>0xdd</size>
         <input_file_ref idref="fl-89"/>
      </object_component>
      <object_component id="oc-3b">
         <name>.debug_abbrev</name>
         <load_address>0xf03</load_address>
         <run_address>0xf03</run_address>
         <size>0x10c</size>
         <input_file_ref idref="fl-8a"/>
      </object_component>
      <object_component id="oc-3e">
         <name>.debug_abbrev</name>
         <load_address>0x100f</load_address>
         <run_address>0x100f</run_address>
         <size>0xf7</size>
         <input_file_ref idref="fl-8b"/>
      </object_component>
      <object_component id="oc-41">
         <name>.debug_abbrev</name>
         <load_address>0x1106</load_address>
         <run_address>0x1106</run_address>
         <size>0x3a</size>
         <input_file_ref idref="fl-8c"/>
      </object_component>
      <object_component id="oc-44">
         <name>.debug_abbrev</name>
         <load_address>0x1140</load_address>
         <run_address>0x1140</run_address>
         <size>0x11a</size>
         <input_file_ref idref="fl-8d"/>
      </object_component>
      <object_component id="oc-49">
         <name>.debug_abbrev</name>
         <load_address>0x125a</load_address>
         <run_address>0x125a</run_address>
         <size>0x1cd</size>
         <input_file_ref idref="fl-8e"/>
      </object_component>
      <object_component id="oc-4f">
         <name>.debug_abbrev</name>
         <load_address>0x1427</load_address>
         <run_address>0x1427</run_address>
         <size>0x1f8</size>
         <input_file_ref idref="fl-8f"/>
      </object_component>
      <object_component id="oc-52">
         <name>.debug_abbrev</name>
         <load_address>0x161f</load_address>
         <run_address>0x161f</run_address>
         <size>0xd0</size>
         <input_file_ref idref="fl-90"/>
      </object_component>
      <object_component id="oc-55">
         <name>.debug_abbrev</name>
         <load_address>0x16ef</load_address>
         <run_address>0x16ef</run_address>
         <size>0x130</size>
         <input_file_ref idref="fl-91"/>
      </object_component>
      <object_component id="oc-58">
         <name>.debug_abbrev</name>
         <load_address>0x181f</load_address>
         <run_address>0x181f</run_address>
         <size>0xab</size>
         <input_file_ref idref="fl-92"/>
      </object_component>
      <object_component id="oc-b7">
         <name>.debug_abbrev</name>
         <load_address>0x18ca</load_address>
         <run_address>0x18ca</run_address>
         <size>0xd</size>
      </object_component>
   </object_component_list>
   <logical_group_list>
      <logical_group id="lg-7f">
         <name>.text</name>
         <load_address>0x20</load_address>
         <run_address>0x20</run_address>
         <size>0x2020</size>
         <contents>
            <object_component_ref idref="oc-74"/>
            <object_component_ref idref="oc-6d"/>
            <object_component_ref idref="oc-72"/>
            <object_component_ref idref="oc-62"/>
            <object_component_ref idref="oc-75"/>
            <object_component_ref idref="oc-7d"/>
            <object_component_ref idref="oc-79"/>
            <object_component_ref idref="oc-71"/>
            <object_component_ref idref="oc-67"/>
            <object_component_ref idref="oc-60"/>
            <object_component_ref idref="oc-6f"/>
            <object_component_ref idref="oc-5c"/>
            <object_component_ref idref="oc-5e"/>
            <object_component_ref idref="oc-7a"/>
            <object_component_ref idref="oc-6c"/>
            <object_component_ref idref="oc-61"/>
            <object_component_ref idref="oc-5f"/>
            <object_component_ref idref="oc-59"/>
            <object_component_ref idref="oc-6e"/>
            <object_component_ref idref="oc-5b"/>
            <object_component_ref idref="oc-5d"/>
            <object_component_ref idref="oc-76"/>
            <object_component_ref idref="oc-64"/>
            <object_component_ref idref="oc-7e"/>
            <object_component_ref idref="oc-73"/>
            <object_component_ref idref="oc-65"/>
            <object_component_ref idref="oc-78"/>
            <object_component_ref idref="oc-77"/>
            <object_component_ref idref="oc-70"/>
            <object_component_ref idref="oc-2"/>
            <object_component_ref idref="oc-6a"/>
            <object_component_ref idref="oc-7c"/>
            <object_component_ref idref="oc-66"/>
            <object_component_ref idref="oc-69"/>
            <object_component_ref idref="oc-5a"/>
            <object_component_ref idref="oc-63"/>
            <object_component_ref idref="oc-68"/>
            <object_component_ref idref="oc-6b"/>
            <object_component_ref idref="oc-7b"/>
         </contents>
      </logical_group>
      <logical_group id="lg-80">
         <name>.const</name>
         <load_address>0x3720</load_address>
         <run_address>0x3720</run_address>
         <size>0xc4</size>
         <contents>
            <object_component_ref idref="oc-4"/>
         </contents>
      </logical_group>
      <logical_group id="lg-81">
         <name>.data</name>
         <run_address>0x8</run_address>
         <size>0x0</size>
         <contents>
         </contents>
      </logical_group>
      <logical_group id="lg-82">
         <name>.bss</name>
         <run_address>0x8</run_address>
         <size>0x0</size>
         <contents>
         </contents>
      </logical_group>
      <logical_group id="lg-83">
         <name>.cinit</name>
         <load_address>0x34a8</load_address>
         <run_address>0x34a8</run_address>
         <size>0x154</size>
         <contents>
            <object_component_ref idref="oc-d"/>
            <object_component_ref idref="oc-1c"/>
            <object_component_ref idref="oc-11"/>
            <object_component_ref idref="oc-4b"/>
            <object_component_ref idref="oc-2c"/>
            <object_component_ref idref="oc-46"/>
         </contents>
      </logical_group>
      <logical_group id="lg-84">
         <name>.pinit</name>
         <run_address>0x0</run_address>
         <size>0x0</size>
         <contents>
         </contents>
      </logical_group>
      <logical_group id="lg-85">
         <name>.stack</name>
         <run_address>0x2040</run_address>
         <size>0x800</size>
         <contents>
            <object_component_ref idref="oc-9"/>
            <object_component_ref idref="oc-a2"/>
         </contents>
      </logical_group>
      <logical_group id="lg-86">
         <name>.sysmem</name>
         <run_address>0x2840</run_address>
         <size>0x800</size>
         <contents>
            <object_component_ref idref="oc-4d"/>
            <object_component_ref idref="oc-a3"/>
         </contents>
      </logical_group>
      <logical_group id="lg-87">
         <name>.far</name>
         <run_address>0x3040</run_address>
         <size>0x468</size>
         <contents>
            <object_component_ref idref="oc-e"/>
            <object_component_ref idref="oc-12"/>
            <object_component_ref idref="oc-1d"/>
            <object_component_ref idref="oc-21"/>
            <object_component_ref idref="oc-2d"/>
            <object_component_ref idref="oc-47"/>
            <object_component_ref idref="oc-4c"/>
         </contents>
      </logical_group>
      <logical_group id="lg-88">
         <name>.switch</name>
         <run_address>0x0</run_address>
         <size>0x0</size>
         <contents>
         </contents>
      </logical_group>
      <logical_group id="lg-89">
         <name>.cio</name>
         <run_address>0x3600</run_address>
         <size>0x120</size>
         <contents>
            <object_component_ref idref="oc-25"/>
         </contents>
      </logical_group>
      <logical_group id="lg-8a">
         <name>.ppinfo</name>
         <run_address>0x0</run_address>
         <size>0x0</size>
         <contents>
         </contents>
      </logical_group>
      <logical_group id="lg-8b">
         <name>.ppdata</name>
         <run_address>0x0</run_address>
         <size>0x0</size>
         <contents>
         </contents>
      </logical_group>
      <logical_group id="lg-99">
         <name>.debug_info</name>
         <load_address>0x0</load_address>
         <run_address>0x0</run_address>
         <size>0xb801</size>
         <contents>
            <object_component_ref idref="oc-3"/>
            <object_component_ref idref="oc-8"/>
            <object_component_ref idref="oc-c"/>
            <object_component_ref idref="oc-10"/>
            <object_component_ref idref="oc-15"/>
            <object_component_ref idref="oc-18"/>
            <object_component_ref idref="oc-1b"/>
            <object_component_ref idref="oc-20"/>
            <object_component_ref idref="oc-24"/>
            <object_component_ref idref="oc-28"/>
            <object_component_ref idref="oc-2b"/>
            <object_component_ref idref="oc-30"/>
            <object_component_ref idref="oc-33"/>
            <object_component_ref idref="oc-36"/>
            <object_component_ref idref="oc-39"/>
            <object_component_ref idref="oc-3c"/>
            <object_component_ref idref="oc-3f"/>
            <object_component_ref idref="oc-42"/>
            <object_component_ref idref="oc-45"/>
            <object_component_ref idref="oc-4a"/>
            <object_component_ref idref="oc-50"/>
            <object_component_ref idref="oc-53"/>
            <object_component_ref idref="oc-56"/>
            <object_component_ref idref="oc-b6"/>
         </contents>
      </logical_group>
      <logical_group id="lg-9b">
         <name>.debug_frame</name>
         <load_address>0x0</load_address>
         <run_address>0x0</run_address>
         <size>0x27c</size>
         <contents>
            <object_component_ref idref="oc-5"/>
         </contents>
      </logical_group>
      <logical_group id="lg-9d">
         <name>.debug_line</name>
         <load_address>0x0</load_address>
         <run_address>0x0</run_address>
         <size>0x810</size>
         <contents>
            <object_component_ref idref="oc-6"/>
            <object_component_ref idref="oc-a"/>
            <object_component_ref idref="oc-13"/>
            <object_component_ref idref="oc-16"/>
            <object_component_ref idref="oc-19"/>
            <object_component_ref idref="oc-1e"/>
            <object_component_ref idref="oc-22"/>
            <object_component_ref idref="oc-26"/>
            <object_component_ref idref="oc-29"/>
            <object_component_ref idref="oc-2e"/>
            <object_component_ref idref="oc-31"/>
            <object_component_ref idref="oc-34"/>
            <object_component_ref idref="oc-37"/>
            <object_component_ref idref="oc-3a"/>
            <object_component_ref idref="oc-3d"/>
            <object_component_ref idref="oc-40"/>
            <object_component_ref idref="oc-43"/>
            <object_component_ref idref="oc-48"/>
            <object_component_ref idref="oc-4e"/>
            <object_component_ref idref="oc-51"/>
            <object_component_ref idref="oc-54"/>
            <object_component_ref idref="oc-57"/>
         </contents>
      </logical_group>
      <logical_group id="lg-9f">
         <name>.debug_abbrev</name>
         <load_address>0x0</load_address>
         <run_address>0x0</run_address>
         <size>0x18d7</size>
         <contents>
            <object_component_ref idref="oc-7"/>
            <object_component_ref idref="oc-b"/>
            <object_component_ref idref="oc-f"/>
            <object_component_ref idref="oc-14"/>
            <object_component_ref idref="oc-17"/>
            <object_component_ref idref="oc-1a"/>
            <object_component_ref idref="oc-1f"/>
            <object_component_ref idref="oc-23"/>
            <object_component_ref idref="oc-27"/>
            <object_component_ref idref="oc-2a"/>
            <object_component_ref idref="oc-2f"/>
            <object_component_ref idref="oc-32"/>
            <object_component_ref idref="oc-35"/>
            <object_component_ref idref="oc-38"/>
            <object_component_ref idref="oc-3b"/>
            <object_component_ref idref="oc-3e"/>
            <object_component_ref idref="oc-41"/>
            <object_component_ref idref="oc-44"/>
            <object_component_ref idref="oc-49"/>
            <object_component_ref idref="oc-4f"/>
            <object_component_ref idref="oc-52"/>
            <object_component_ref idref="oc-55"/>
            <object_component_ref idref="oc-58"/>
            <object_component_ref idref="oc-b7"/>
         </contents>
      </logical_group>
   </logical_group_list>
   <placement_map>
      <memory_area>
         <name>RAM</name>
         <page_id>0x0</page_id>
         <origin>0x1</origin>
         <length>0xfffffffe</length>
         <used_space>0x37c0</used_space>
         <unused_space>0xffffc83e</unused_space>
         <attributes>RWIX</attributes>
         <usage_details>
            <available_space>
               <start_address>0x1</start_address>
               <size>0x7</size>
            </available_space>
            <allocated_space>
               <start_address>0x8</start_address>
               <size>0x0</size>
               <logical_group_ref idref="lg-82"/>
            </allocated_space>
            <allocated_space>
               <start_address>0x8</start_address>
               <size>0x0</size>
               <logical_group_ref idref="lg-81"/>
            </allocated_space>
            <available_space>
               <start_address>0x8</start_address>
               <size>0x18</size>
            </available_space>
            <allocated_space>
               <start_address>0x20</start_address>
               <size>0x2020</size>
               <logical_group_ref idref="lg-7f"/>
            </allocated_space>
            <allocated_space>
               <start_address>0x2040</start_address>
               <size>0x800</size>
               <logical_group_ref idref="lg-85"/>
            </allocated_space>
            <allocated_space>
               <start_address>0x2840</start_address>
               <size>0x800</size>
               <logical_group_ref idref="lg-86"/>
            </allocated_space>
            <allocated_space>
               <start_address>0x3040</start_address>
               <size>0x468</size>
               <logical_group_ref idref="lg-87"/>
            </allocated_space>
            <allocated_space>
               <start_address>0x34a8</start_address>
               <size>0x154</size>
               <logical_group_ref idref="lg-83"/>
            </allocated_space>
            <available_space>
               <start_address>0x35fc</start_address>
               <size>0x4</size>
            </available_space>
            <allocated_space>
               <start_address>0x3600</start_address>
               <size>0x120</size>
               <logical_group_ref idref="lg-89"/>
            </allocated_space>
            <allocated_space>
               <start_address>0x3720</start_address>
               <size>0xc4</size>
               <logical_group_ref idref="lg-80"/>
            </allocated_space>
            <available_space>
               <start_address>0x37e4</start_address>
               <size>0xffffc81b</size>
            </available_space>
         </usage_details>
      </memory_area>
   </placement_map>
   <symbol_table>
      <symbol id="sm-0">
         <name>cinit</name>
         <value>0x34a8</value>
      </symbol>
      <symbol id="sm-1">
         <name>___cinit__</name>
         <value>0x34a8</value>
      </symbol>
      <symbol id="sm-2">
         <name>pinit</name>
         <value>0xffffffff</value>
      </symbol>
      <symbol id="sm-3">
         <name>___pinit__</name>
         <value>0xffffffff</value>
      </symbol>
      <symbol id="sm-4">
         <name>binit</name>
         <value>0xffffffff</value>
      </symbol>
      <symbol id="sm-5">
         <name>___binit__</name>
         <value>0xffffffff</value>
      </symbol>
      <symbol id="sm-6">
         <name>__STACK_SIZE</name>
         <value>0x800</value>
      </symbol>
      <symbol id="sm-7">
         <name>__STACK_END</name>
         <value>0x2840</value>
      </symbol>
      <symbol id="sm-8">
         <name>__SYSMEM_SIZE</name>
         <value>0x800</value>
      </symbol>
      <symbol id="sm-9">
         <name>___c_args__</name>
         <value>0xffffffff</value>
      </symbol>
      <symbol id="sm-a">
         <name>.text</name>
         <value>0x20</value>
      </symbol>
      <symbol id="sm-b">
         <name>___text__</name>
         <value>0x20</value>
      </symbol>
      <symbol id="sm-c">
         <name>etext</name>
         <value>0x2040</value>
      </symbol>
      <symbol id="sm-d">
         <name>___etext__</name>
         <value>0x2040</value>
      </symbol>
      <symbol id="sm-e">
         <name>.data</name>
         <value>0x8</value>
      </symbol>
      <symbol id="sm-f">
         <name>___data__</name>
         <value>0x8</value>
      </symbol>
      <symbol id="sm-10">
         <name>edata</name>
         <value>0x8</value>
      </symbol>
      <symbol id="sm-11">
         <name>___edata__</name>
         <value>0x8</value>
      </symbol>
      <symbol id="sm-12">
         <name>.bss</name>
         <value>0x8</value>
      </symbol>
      <symbol id="sm-13">
         <name>___bss__</name>
         <value>0x8</value>
      </symbol>
      <symbol id="sm-14">
         <name>end</name>
         <value>0x8</value>
      </symbol>
      <symbol id="sm-15">
         <name>___end__</name>
         <value>0x8</value>
      </symbol>
      <symbol id="sm-16">
         <name>___TI_pprof_out_hndl</name>
         <value>0xffffffff</value>
      </symbol>
      <symbol id="sm-17">
         <name>___TI_prof_data_start</name>
         <value>0xffffffff</value>
      </symbol>
      <symbol id="sm-18">
         <name>___TI_prof_data_size</name>
         <value>0xffffffff</value>
      </symbol>
      <symbol id="sm-19">
         <name>$bss</name>
         <value>0x8</value>
      </symbol>
      <symbol id="sm-6d">
         <name>_main</name>
         <value>0xd84</value>
         <object_component_ref idref="oc-67"/>
      </symbol>
      <symbol id="sm-6e">
         <name>_putstring</name>
         <value>0xd40</value>
         <object_component_ref idref="oc-67"/>
      </symbol>
      <symbol id="sm-7d">
         <name>_c_int00</name>
         <value>0x1d40</value>
         <object_component_ref idref="oc-2"/>
      </symbol>
      <symbol id="sm-7e">
         <name>__stack</name>
         <value>0x2040</value>
         <object_component_ref idref="oc-9"/>
      </symbol>
      <symbol id="sm-88">
         <name>__tmpnams</name>
         <value>0x3220</value>
         <object_component_ref idref="oc-e"/>
      </symbol>
      <symbol id="sm-89">
         <name>__ft_end</name>
         <value>0x3360</value>
         <object_component_ref idref="oc-e"/>
      </symbol>
      <symbol id="sm-8a">
         <name>__ftable</name>
         <value>0x3040</value>
         <object_component_ref idref="oc-e"/>
      </symbol>
      <symbol id="sm-a1">
         <name>C$$EXIT</name>
         <value>0x1fe0</value>
         <object_component_ref idref="oc-68"/>
      </symbol>
      <symbol id="sm-a2">
         <name>_exit</name>
         <value>0x16e0</value>
         <object_component_ref idref="oc-5b"/>
      </symbol>
      <symbol id="sm-a3">
         <name>___TI_enable_exit_profile_output</name>
         <value>0x348c</value>
         <object_component_ref idref="oc-12"/>
      </symbol>
      <symbol id="sm-a4">
         <name>_abort</name>
         <value>0x1fe0</value>
         <object_component_ref idref="oc-68"/>
      </symbol>
      <symbol id="sm-a5">
         <name>__cleanup_ptr</name>
         <value>0x3484</value>
         <object_component_ref idref="oc-12"/>
      </symbol>
      <symbol id="sm-a6">
         <name>__dtors_ptr</name>
         <value>0x3488</value>
         <object_component_ref idref="oc-12"/>
      </symbol>
      <symbol id="sm-be">
         <name>__doflush</name>
         <value>0x1620</value>
         <object_component_ref idref="oc-6e"/>
      </symbol>
      <symbol id="sm-bf">
         <name>_fflush</name>
         <value>0x1300</value>
         <object_component_ref idref="oc-6c"/>
      </symbol>
      <symbol id="sm-dc">
         <name>_putchar</name>
         <value>0x2000</value>
         <object_component_ref idref="oc-6b"/>
      </symbol>
      <symbol id="sm-dd">
         <name>_putc</name>
         <value>0x2a0</value>
         <object_component_ref idref="oc-6d"/>
      </symbol>
      <symbol id="sm-de">
         <name>_fputc</name>
         <value>0x2a0</value>
         <object_component_ref idref="oc-6d"/>
      </symbol>
      <symbol id="sm-11b">
         <name>_unlink</name>
         <value>0x1e40</value>
         <object_component_ref idref="oc-7c"/>
      </symbol>
      <symbol id="sm-11c">
         <name>_lseek</name>
         <value>0x1a20</value>
         <object_component_ref idref="oc-73"/>
      </symbol>
      <symbol id="sm-11d">
         <name>_close</name>
         <value>0x1220</value>
         <object_component_ref idref="oc-7a"/>
      </symbol>
      <symbol id="sm-11e">
         <name>_write</name>
         <value>0x1ca0</value>
         <object_component_ref idref="oc-70"/>
      </symbol>
      <symbol id="sm-147">
         <name>_HOSTopen</name>
         <value>0x1060</value>
         <object_component_ref idref="oc-5c"/>
      </symbol>
      <symbol id="sm-148">
         <name>_HOSTread</name>
         <value>0x1140</value>
         <object_component_ref idref="oc-5e"/>
      </symbol>
      <symbol id="sm-149">
         <name>_HOSTrename</name>
         <value>0x6c0</value>
         <object_component_ref idref="oc-62"/>
      </symbol>
      <symbol id="sm-14a">
         <name>_HOSTwrite</name>
         <value>0x14a0</value>
         <object_component_ref idref="oc-5f"/>
      </symbol>
      <symbol id="sm-14b">
         <name>_HOSTlseek</name>
         <value>0xe60</value>
         <object_component_ref idref="oc-60"/>
      </symbol>
      <symbol id="sm-14c">
         <name>_HOSTunlink</name>
         <value>0x13e0</value>
         <object_component_ref idref="oc-61"/>
      </symbol>
      <symbol id="sm-14d">
         <name>_HOSTclose</name>
         <value>0x17a0</value>
         <object_component_ref idref="oc-5d"/>
      </symbol>
      <symbol id="sm-15d">
         <name>C$$IO$$</name>
         <value>0x1f78</value>
         <object_component_ref idref="oc-69"/>
      </symbol>
      <symbol id="sm-15e">
         <name>__CIOBUF_</name>
         <value>0x3600</value>
         <object_component_ref idref="oc-25"/>
      </symbol>
      <symbol id="sm-15f">
         <name>_readmsg</name>
         <value>0x1dc0</value>
         <object_component_ref idref="oc-6a"/>
      </symbol>
      <symbol id="sm-160">
         <name>_writemsg</name>
         <value>0x1f20</value>
         <object_component_ref idref="oc-69"/>
      </symbol>
      <symbol id="sm-16f">
         <name>__wrt_ok</name>
         <value>0xf60</value>
         <object_component_ref idref="oc-6f"/>
      </symbol>
      <symbol id="sm-17d">
         <name>__unlock</name>
         <value>0x3494</value>
         <object_component_ref idref="oc-2d"/>
      </symbol>
      <symbol id="sm-17e">
         <name>__lock</name>
         <value>0x3490</value>
         <object_component_ref idref="oc-2d"/>
      </symbol>
      <symbol id="sm-17f">
         <name>__nop</name>
         <value>0x1fc0</value>
         <object_component_ref idref="oc-63"/>
      </symbol>
      <symbol id="sm-189">
         <name>__args_main</name>
         <value>0x1f80</value>
         <object_component_ref idref="oc-5a"/>
      </symbol>
      <symbol id="sm-18a">
         <name>__TI_args_main</name>
         <value>0x1</value>
      </symbol>
      <symbol id="sm-199">
         <name>__auto_init</name>
         <value>0x1560</value>
         <object_component_ref idref="oc-59"/>
      </symbol>
      <symbol id="sm-1a6">
         <name>___TI_cpp_init</name>
         <value>0x1ec0</value>
         <object_component_ref idref="oc-66"/>
      </symbol>
      <symbol id="sm-1b4">
         <name>_copy_in</name>
         <value>0x18e0</value>
         <object_component_ref idref="oc-64"/>
      </symbol>
      <symbol id="sm-1c5">
         <name>_fseek</name>
         <value>0xc20</value>
         <object_component_ref idref="oc-71"/>
      </symbol>
      <symbol id="sm-1cd">
         <name>_memcpy</name>
         <value>0x1ac0</value>
         <object_component_ref idref="oc-65"/>
      </symbol>
      <symbol id="sm-1e4">
         <name>_setvbuf</name>
         <value>0x4c0</value>
         <object_component_ref idref="oc-72"/>
      </symbol>
      <symbol id="sm-1f7">
         <name>__cleanup</name>
         <value>0x1840</value>
         <object_component_ref idref="oc-76"/>
      </symbol>
      <symbol id="sm-230">
         <name>__sys_memory</name>
         <value>0x2840</value>
         <object_component_ref idref="oc-4d"/>
      </symbol>
      <symbol id="sm-231">
         <name>_free</name>
         <value>0x20</value>
         <object_component_ref idref="oc-74"/>
      </symbol>
      <symbol id="sm-232">
         <name>_malloc</name>
         <value>0x840</value>
         <object_component_ref idref="oc-75"/>
      </symbol>
      <symbol id="sm-24b">
         <name>__closefile</name>
         <value>0xb00</value>
         <object_component_ref idref="oc-79"/>
      </symbol>
      <symbol id="sm-255">
         <name>_remove</name>
         <value>0x2020</value>
         <object_component_ref idref="oc-7b"/>
      </symbol>
   </symbol_table>
</link_info>
