<?xml version="1.0"?>
<link_info>
   <banner>TMS320C6x Linker PC v7.4.8</banner>
   <copyright>Copyright (c) 1996-2014 Texas Instruments Incorporated</copyright>
   <link_time>0x54bf02ef</link_time>
   <output_file>MyDspHelloWorld.out</output_file>
   <entry_point>
      <name>_c_int00</name>
      <address>0x80001d00</address>
   </entry_point>
   <input_file_list>
      <input_file id="fl-2">
         <path>.\src\</path>
         <kind>object</kind>
         <file>main.obj</file>
         <name>main.obj</name>
      </input_file>
      <input_file id="fl-7e">
         <path>c:\ti\ccsv6\tools\compiler\c6000_7.4.8\lib\</path>
         <kind>archive</kind>
         <file>rts6740.lib</file>
         <name>boot.obj</name>
      </input_file>
      <input_file id="fl-7f">
         <path>c:\ti\ccsv6\tools\compiler\c6000_7.4.8\lib\</path>
         <kind>archive</kind>
         <file>rts6740.lib</file>
         <name>defs.obj</name>
      </input_file>
      <input_file id="fl-80">
         <path>c:\ti\ccsv6\tools\compiler\c6000_7.4.8\lib\</path>
         <kind>archive</kind>
         <file>rts6740.lib</file>
         <name>exit.obj</name>
      </input_file>
      <input_file id="fl-81">
         <path>c:\ti\ccsv6\tools\compiler\c6000_7.4.8\lib\</path>
         <kind>archive</kind>
         <file>rts6740.lib</file>
         <name>fflush.obj</name>
      </input_file>
      <input_file id="fl-82">
         <path>c:\ti\ccsv6\tools\compiler\c6000_7.4.8\lib\</path>
         <kind>archive</kind>
         <file>rts6740.lib</file>
         <name>fputc.obj</name>
      </input_file>
      <input_file id="fl-83">
         <path>c:\ti\ccsv6\tools\compiler\c6000_7.4.8\lib\</path>
         <kind>archive</kind>
         <file>rts6740.lib</file>
         <name>lowlev.obj</name>
      </input_file>
      <input_file id="fl-84">
         <path>c:\ti\ccsv6\tools\compiler\c6000_7.4.8\lib\</path>
         <kind>archive</kind>
         <file>rts6740.lib</file>
         <name>trgdrv.obj</name>
      </input_file>
      <input_file id="fl-85">
         <path>c:\ti\ccsv6\tools\compiler\c6000_7.4.8\lib\</path>
         <kind>archive</kind>
         <file>rts6740.lib</file>
         <name>trgmsg.obj</name>
      </input_file>
      <input_file id="fl-86">
         <path>c:\ti\ccsv6\tools\compiler\c6000_7.4.8\lib\</path>
         <kind>archive</kind>
         <file>rts6740.lib</file>
         <name>_io_perm.obj</name>
      </input_file>
      <input_file id="fl-87">
         <path>c:\ti\ccsv6\tools\compiler\c6000_7.4.8\lib\</path>
         <kind>archive</kind>
         <file>rts6740.lib</file>
         <name>_lock.obj</name>
      </input_file>
      <input_file id="fl-88">
         <path>c:\ti\ccsv6\tools\compiler\c6000_7.4.8\lib\</path>
         <kind>archive</kind>
         <file>rts6740.lib</file>
         <name>args_main.obj</name>
      </input_file>
      <input_file id="fl-89">
         <path>c:\ti\ccsv6\tools\compiler\c6000_7.4.8\lib\</path>
         <kind>archive</kind>
         <file>rts6740.lib</file>
         <name>autoinit.obj</name>
      </input_file>
      <input_file id="fl-8a">
         <path>c:\ti\ccsv6\tools\compiler\c6000_7.4.8\lib\</path>
         <kind>archive</kind>
         <file>rts6740.lib</file>
         <name>cpp_init.obj</name>
      </input_file>
      <input_file id="fl-8b">
         <path>c:\ti\ccsv6\tools\compiler\c6000_7.4.8\lib\</path>
         <kind>archive</kind>
         <file>rts6740.lib</file>
         <name>cpy_tbl.obj</name>
      </input_file>
      <input_file id="fl-8c">
         <path>c:\ti\ccsv6\tools\compiler\c6000_7.4.8\lib\</path>
         <kind>archive</kind>
         <file>rts6740.lib</file>
         <name>fseek.obj</name>
      </input_file>
      <input_file id="fl-8d">
         <path>c:\ti\ccsv6\tools\compiler\c6000_7.4.8\lib\</path>
         <kind>archive</kind>
         <file>rts6740.lib</file>
         <name>memcpy64.obj</name>
      </input_file>
      <input_file id="fl-8e">
         <path>c:\ti\ccsv6\tools\compiler\c6000_7.4.8\lib\</path>
         <kind>archive</kind>
         <file>rts6740.lib</file>
         <name>setvbuf.obj</name>
      </input_file>
      <input_file id="fl-8f">
         <path>c:\ti\ccsv6\tools\compiler\c6000_7.4.8\lib\</path>
         <kind>archive</kind>
         <file>rts6740.lib</file>
         <name>fopen.obj</name>
      </input_file>
      <input_file id="fl-90">
         <path>c:\ti\ccsv6\tools\compiler\c6000_7.4.8\lib\</path>
         <kind>archive</kind>
         <file>rts6740.lib</file>
         <name>memory.obj</name>
      </input_file>
      <input_file id="fl-91">
         <path>c:\ti\ccsv6\tools\compiler\c6000_7.4.8\lib\</path>
         <kind>archive</kind>
         <file>rts6740.lib</file>
         <name>memset.obj</name>
      </input_file>
      <input_file id="fl-92">
         <path>c:\ti\ccsv6\tools\compiler\c6000_7.4.8\lib\</path>
         <kind>archive</kind>
         <file>rts6740.lib</file>
         <name>fclose.obj</name>
      </input_file>
      <input_file id="fl-93">
         <path>c:\ti\ccsv6\tools\compiler\c6000_7.4.8\lib\</path>
         <kind>archive</kind>
         <file>rts6740.lib</file>
         <name>remove.obj</name>
      </input_file>
   </input_file_list>
   <object_component_list>
      <object_component id="oc-89">
         <name>.text:_free</name>
         <load_address>0x80000000</load_address>
         <run_address>0x80000000</run_address>
         <size>0x280</size>
         <input_file_ref idref="fl-90"/>
      </object_component>
      <object_component id="oc-82">
         <name>.text:_fputc</name>
         <load_address>0x80000280</load_address>
         <run_address>0x80000280</run_address>
         <size>0x220</size>
         <input_file_ref idref="fl-82"/>
      </object_component>
      <object_component id="oc-87">
         <name>.text:_setvbuf</name>
         <load_address>0x800004a0</load_address>
         <run_address>0x800004a0</run_address>
         <size>0x200</size>
         <input_file_ref idref="fl-8e"/>
      </object_component>
      <object_component id="oc-77">
         <name>.text:_HOSTrename</name>
         <load_address>0x800006a0</load_address>
         <run_address>0x800006a0</run_address>
         <size>0x180</size>
         <input_file_ref idref="fl-84"/>
      </object_component>
      <object_component id="oc-8a">
         <name>.text:_malloc</name>
         <load_address>0x80000820</load_address>
         <run_address>0x80000820</run_address>
         <size>0x180</size>
         <input_file_ref idref="fl-90"/>
      </object_component>
      <object_component id="oc-92">
         <name>.text:_getdevice</name>
         <load_address>0x800009a0</load_address>
         <run_address>0x800009a0</run_address>
         <size>0x140</size>
         <input_file_ref idref="fl-83"/>
      </object_component>
      <object_component id="oc-8e">
         <name>.text:__closefile</name>
         <load_address>0x80000ae0</load_address>
         <run_address>0x80000ae0</run_address>
         <size>0x120</size>
         <input_file_ref idref="fl-92"/>
      </object_component>
      <object_component id="oc-86">
         <name>.text:_fseek</name>
         <load_address>0x80000c00</load_address>
         <run_address>0x80000c00</run_address>
         <size>0x120</size>
         <input_file_ref idref="fl-8c"/>
      </object_component>
      <object_component id="oc-75">
         <name>.text:_HOSTlseek</name>
         <load_address>0x80000d20</load_address>
         <run_address>0x80000d20</run_address>
         <size>0x100</size>
         <input_file_ref idref="fl-84"/>
      </object_component>
      <object_component id="oc-84">
         <name>.text:__wrt_ok</name>
         <load_address>0x80000e20</load_address>
         <run_address>0x80000e20</run_address>
         <size>0x100</size>
         <input_file_ref idref="fl-86"/>
      </object_component>
      <object_component id="oc-7c">
         <name>.text</name>
         <load_address>0x80000f20</load_address>
         <run_address>0x80000f20</run_address>
         <size>0x100</size>
         <input_file_ref idref="fl-2"/>
      </object_component>
      <object_component id="oc-71">
         <name>.text:_HOSTopen</name>
         <load_address>0x80001020</load_address>
         <run_address>0x80001020</run_address>
         <size>0xe0</size>
         <input_file_ref idref="fl-84"/>
      </object_component>
      <object_component id="oc-73">
         <name>.text:_HOSTread</name>
         <load_address>0x80001100</load_address>
         <run_address>0x80001100</run_address>
         <size>0xe0</size>
         <input_file_ref idref="fl-84"/>
      </object_component>
      <object_component id="oc-8f">
         <name>.text:_close</name>
         <load_address>0x800011e0</load_address>
         <run_address>0x800011e0</run_address>
         <size>0xe0</size>
         <input_file_ref idref="fl-83"/>
      </object_component>
      <object_component id="oc-81">
         <name>.text:_fflush</name>
         <load_address>0x800012c0</load_address>
         <run_address>0x800012c0</run_address>
         <size>0xe0</size>
         <input_file_ref idref="fl-81"/>
      </object_component>
      <object_component id="oc-76">
         <name>.text:_HOSTunlink</name>
         <load_address>0x800013a0</load_address>
         <run_address>0x800013a0</run_address>
         <size>0xc0</size>
         <input_file_ref idref="fl-84"/>
      </object_component>
      <object_component id="oc-74">
         <name>.text:_HOSTwrite</name>
         <load_address>0x80001460</load_address>
         <run_address>0x80001460</run_address>
         <size>0xc0</size>
         <input_file_ref idref="fl-84"/>
      </object_component>
      <object_component id="oc-6e">
         <name>.text:__auto_init</name>
         <load_address>0x80001520</load_address>
         <run_address>0x80001520</run_address>
         <size>0xc0</size>
         <input_file_ref idref="fl-89"/>
      </object_component>
      <object_component id="oc-83">
         <name>.text:__doflush</name>
         <load_address>0x800015e0</load_address>
         <run_address>0x800015e0</run_address>
         <size>0xc0</size>
         <input_file_ref idref="fl-81"/>
      </object_component>
      <object_component id="oc-70">
         <name>.text:_exit</name>
         <load_address>0x800016a0</load_address>
         <run_address>0x800016a0</run_address>
         <size>0xc0</size>
         <input_file_ref idref="fl-80"/>
      </object_component>
      <object_component id="oc-72">
         <name>.text:_HOSTclose</name>
         <load_address>0x80001760</load_address>
         <run_address>0x80001760</run_address>
         <size>0xa0</size>
         <input_file_ref idref="fl-84"/>
      </object_component>
      <object_component id="oc-8b">
         <name>.text:__cleanup</name>
         <load_address>0x80001800</load_address>
         <run_address>0x80001800</run_address>
         <size>0xa0</size>
         <input_file_ref idref="fl-8f"/>
      </object_component>
      <object_component id="oc-79">
         <name>.text:_copy_in</name>
         <load_address>0x800018a0</load_address>
         <run_address>0x800018a0</run_address>
         <size>0xa0</size>
         <input_file_ref idref="fl-8b"/>
      </object_component>
      <object_component id="oc-93">
         <name>.text:_finddevice</name>
         <load_address>0x80001940</load_address>
         <run_address>0x80001940</run_address>
         <size>0xa0</size>
         <input_file_ref idref="fl-83"/>
      </object_component>
      <object_component id="oc-88">
         <name>.text:_lseek</name>
         <load_address>0x800019e0</load_address>
         <run_address>0x800019e0</run_address>
         <size>0xa0</size>
         <input_file_ref idref="fl-83"/>
      </object_component>
      <object_component id="oc-7a">
         <name>.text:_memcpy</name>
         <load_address>0x80001a80</load_address>
         <run_address>0x80001a80</run_address>
         <size>0xa0</size>
         <input_file_ref idref="fl-8d"/>
      </object_component>
      <object_component id="oc-8d">
         <name>.text:_minsert</name>
         <load_address>0x80001b20</load_address>
         <run_address>0x80001b20</run_address>
         <size>0xa0</size>
         <input_file_ref idref="fl-90"/>
      </object_component>
      <object_component id="oc-8c">
         <name>.text:_mremove</name>
         <load_address>0x80001bc0</load_address>
         <run_address>0x80001bc0</run_address>
         <size>0xa0</size>
         <input_file_ref idref="fl-90"/>
      </object_component>
      <object_component id="oc-85">
         <name>.text:_write</name>
         <load_address>0x80001c60</load_address>
         <run_address>0x80001c60</run_address>
         <size>0xa0</size>
         <input_file_ref idref="fl-83"/>
      </object_component>
      <object_component id="oc-17">
         <name>.text:_c_int00</name>
         <load_address>0x80001d00</load_address>
         <run_address>0x80001d00</run_address>
         <size>0x80</size>
         <input_file_ref idref="fl-7e"/>
      </object_component>
      <object_component id="oc-7f">
         <name>.text:_readmsg</name>
         <load_address>0x80001d80</load_address>
         <run_address>0x80001d80</run_address>
         <size>0x80</size>
         <input_file_ref idref="fl-85"/>
      </object_component>
      <object_component id="oc-91">
         <name>.text:_unlink</name>
         <load_address>0x80001e00</load_address>
         <run_address>0x80001e00</run_address>
         <size>0x80</size>
         <input_file_ref idref="fl-83"/>
      </object_component>
      <object_component id="oc-7b">
         <name>.text:___TI_cpp_init</name>
         <load_address>0x80001e80</load_address>
         <run_address>0x80001e80</run_address>
         <size>0x60</size>
         <input_file_ref idref="fl-8a"/>
      </object_component>
      <object_component id="oc-7e">
         <name>.text:_writemsg</name>
         <load_address>0x80001ee0</load_address>
         <run_address>0x80001ee0</run_address>
         <size>0x60</size>
         <input_file_ref idref="fl-85"/>
      </object_component>
      <object_component id="oc-6f">
         <name>.text:__args_main</name>
         <load_address>0x80001f40</load_address>
         <run_address>0x80001f40</run_address>
         <size>0x40</size>
         <input_file_ref idref="fl-88"/>
      </object_component>
      <object_component id="oc-78">
         <name>.text:__nop</name>
         <load_address>0x80001f80</load_address>
         <run_address>0x80001f80</run_address>
         <size>0x20</size>
         <input_file_ref idref="fl-87"/>
      </object_component>
      <object_component id="oc-7d">
         <name>.text:_abort</name>
         <load_address>0x80001fa0</load_address>
         <run_address>0x80001fa0</run_address>
         <size>0x20</size>
         <input_file_ref idref="fl-80"/>
      </object_component>
      <object_component id="oc-80">
         <name>.text:_putchar</name>
         <load_address>0x80001fc0</load_address>
         <run_address>0x80001fc0</run_address>
         <size>0x20</size>
         <input_file_ref idref="fl-82"/>
      </object_component>
      <object_component id="oc-90">
         <name>.text:_remove</name>
         <load_address>0x80001fe0</load_address>
         <run_address>0x80001fe0</run_address>
         <size>0x20</size>
         <input_file_ref idref="fl-93"/>
      </object_component>
      <object_component id="oc-1e">
         <name>.stack</name>
         <uninitialized>true</uninitialized>
         <run_address>0x80002000</run_address>
         <size>0x8</size>
         <input_file_ref idref="fl-7e"/>
      </object_component>
      <object_component id="oc-b2">
         <name>.stack</name>
         <uninitialized>true</uninitialized>
         <run_address>0x80002000</run_address>
         <size>0x0</size>
      </object_component>
      <object_component id="oc-3a">
         <name>.cio</name>
         <uninitialized>true</uninitialized>
         <run_address>0x800035c0</run_address>
         <size>0x120</size>
         <input_file_ref idref="fl-85"/>
      </object_component>
      <object_component id="oc-19">
         <name>.const:.string</name>
         <load_address>0x800036e0</load_address>
         <run_address>0x800036e0</run_address>
         <size>0xb0</size>
         <input_file_ref idref="fl-2"/>
      </object_component>
      <object_component id="oc-62">
         <name>.sysmem</name>
         <uninitialized>true</uninitialized>
         <run_address>0x80002800</run_address>
         <size>0x8</size>
         <input_file_ref idref="fl-90"/>
      </object_component>
      <object_component id="oc-b3">
         <name>.sysmem</name>
         <uninitialized>true</uninitialized>
         <run_address>0x80002800</run_address>
         <size>0x0</size>
      </object_component>
      <object_component id="oc-23">
         <name>.far</name>
         <uninitialized>true</uninitialized>
         <run_address>0x80003000</run_address>
         <size>0x324</size>
         <input_file_ref idref="fl-7f"/>
      </object_component>
      <object_component id="oc-27">
         <name>.far</name>
         <uninitialized>true</uninitialized>
         <run_address>0x80003444</run_address>
         <size>0xc</size>
         <input_file_ref idref="fl-80"/>
      </object_component>
      <object_component id="oc-32">
         <name>.far</name>
         <uninitialized>true</uninitialized>
         <run_address>0x80003328</run_address>
         <size>0x11c</size>
         <input_file_ref idref="fl-83"/>
      </object_component>
      <object_component id="oc-36">
         <name>.far</name>
         <uninitialized>true</uninitialized>
         <run_address>0x80003460</run_address>
         <size>0x8</size>
         <input_file_ref idref="fl-84"/>
      </object_component>
      <object_component id="oc-42">
         <name>.far</name>
         <uninitialized>true</uninitialized>
         <run_address>0x80003450</run_address>
         <size>0x8</size>
         <input_file_ref idref="fl-87"/>
      </object_component>
      <object_component id="oc-5c">
         <name>.far</name>
         <uninitialized>true</uninitialized>
         <run_address>0x80003324</run_address>
         <size>0x4</size>
         <input_file_ref idref="fl-8f"/>
      </object_component>
      <object_component id="oc-61">
         <name>.far</name>
         <uninitialized>true</uninitialized>
         <run_address>0x80003458</run_address>
         <size>0x8</size>
         <input_file_ref idref="fl-90"/>
      </object_component>
      <object_component id="oc-22">
         <name>.cinit</name>
         <load_address>0x80003468</load_address>
         <run_address>0x80003468</run_address>
         <size>0x5c</size>
         <input_file_ref idref="fl-7f"/>
      </object_component>
      <object_component id="oc-31">
         <name>.cinit</name>
         <load_address>0x800034c8</load_address>
         <run_address>0x800034c8</run_address>
         <size>0x5c</size>
         <input_file_ref idref="fl-83"/>
      </object_component>
      <object_component id="oc-26">
         <name>.cinit</name>
         <load_address>0x80003528</load_address>
         <run_address>0x80003528</run_address>
         <size>0x2c</size>
         <input_file_ref idref="fl-80"/>
      </object_component>
      <object_component id="oc-60">
         <name>.cinit</name>
         <load_address>0x80003558</load_address>
         <run_address>0x80003558</run_address>
         <size>0x2c</size>
         <input_file_ref idref="fl-90"/>
      </object_component>
      <object_component id="oc-41">
         <name>.cinit</name>
         <load_address>0x80003588</load_address>
         <run_address>0x80003588</run_address>
         <size>0x1c</size>
         <input_file_ref idref="fl-87"/>
      </object_component>
      <object_component id="oc-5b">
         <name>.cinit</name>
         <load_address>0x800035a8</load_address>
         <run_address>0x800035a8</run_address>
         <size>0xc</size>
         <input_file_ref idref="fl-8f"/>
      </object_component>
      <object_component id="oc-18">
         <name>.debug_info</name>
         <load_address>0x0</load_address>
         <run_address>0x0</run_address>
         <size>0x960</size>
         <input_file_ref idref="fl-2"/>
      </object_component>
      <object_component id="oc-1d">
         <name>.debug_info</name>
         <load_address>0x960</load_address>
         <run_address>0x960</run_address>
         <size>0x6f2</size>
         <input_file_ref idref="fl-7e"/>
      </object_component>
      <object_component id="oc-21">
         <name>.debug_info</name>
         <load_address>0x1052</load_address>
         <run_address>0x1052</run_address>
         <size>0x6ce</size>
         <input_file_ref idref="fl-7f"/>
      </object_component>
      <object_component id="oc-25">
         <name>.debug_info</name>
         <load_address>0x1720</load_address>
         <run_address>0x1720</run_address>
         <size>0x7bf</size>
         <input_file_ref idref="fl-80"/>
      </object_component>
      <object_component id="oc-2a">
         <name>.debug_info</name>
         <load_address>0x1edf</load_address>
         <run_address>0x1edf</run_address>
         <size>0x857</size>
         <input_file_ref idref="fl-81"/>
      </object_component>
      <object_component id="oc-2d">
         <name>.debug_info</name>
         <load_address>0x2736</load_address>
         <run_address>0x2736</run_address>
         <size>0x86a</size>
         <input_file_ref idref="fl-82"/>
      </object_component>
      <object_component id="oc-30">
         <name>.debug_info</name>
         <load_address>0x2fa0</load_address>
         <run_address>0x2fa0</run_address>
         <size>0xe70</size>
         <input_file_ref idref="fl-83"/>
      </object_component>
      <object_component id="oc-35">
         <name>.debug_info</name>
         <load_address>0x3e10</load_address>
         <run_address>0x3e10</run_address>
         <size>0xdc3</size>
         <input_file_ref idref="fl-84"/>
      </object_component>
      <object_component id="oc-39">
         <name>.debug_info</name>
         <load_address>0x4bd3</load_address>
         <run_address>0x4bd3</run_address>
         <size>0x850</size>
         <input_file_ref idref="fl-85"/>
      </object_component>
      <object_component id="oc-3d">
         <name>.debug_info</name>
         <load_address>0x5423</load_address>
         <run_address>0x5423</run_address>
         <size>0x741</size>
         <input_file_ref idref="fl-86"/>
      </object_component>
      <object_component id="oc-40">
         <name>.debug_info</name>
         <load_address>0x5b64</load_address>
         <run_address>0x5b64</run_address>
         <size>0x633</size>
         <input_file_ref idref="fl-87"/>
      </object_component>
      <object_component id="oc-45">
         <name>.debug_info</name>
         <load_address>0x6197</load_address>
         <run_address>0x6197</run_address>
         <size>0x6c8</size>
         <input_file_ref idref="fl-88"/>
      </object_component>
      <object_component id="oc-48">
         <name>.debug_info</name>
         <load_address>0x685f</load_address>
         <run_address>0x685f</run_address>
         <size>0x83e</size>
         <input_file_ref idref="fl-89"/>
      </object_component>
      <object_component id="oc-4b">
         <name>.debug_info</name>
         <load_address>0x709d</load_address>
         <run_address>0x709d</run_address>
         <size>0x6b6</size>
         <input_file_ref idref="fl-8a"/>
      </object_component>
      <object_component id="oc-4e">
         <name>.debug_info</name>
         <load_address>0x7753</load_address>
         <run_address>0x7753</run_address>
         <size>0x7ac</size>
         <input_file_ref idref="fl-8b"/>
      </object_component>
      <object_component id="oc-51">
         <name>.debug_info</name>
         <load_address>0x7eff</load_address>
         <run_address>0x7eff</run_address>
         <size>0x7a0</size>
         <input_file_ref idref="fl-8c"/>
      </object_component>
      <object_component id="oc-54">
         <name>.debug_info</name>
         <load_address>0x869f</load_address>
         <run_address>0x869f</run_address>
         <size>0xcc</size>
         <input_file_ref idref="fl-8d"/>
      </object_component>
      <object_component id="oc-57">
         <name>.debug_info</name>
         <load_address>0x876b</load_address>
         <run_address>0x876b</run_address>
         <size>0x7fa</size>
         <input_file_ref idref="fl-8e"/>
      </object_component>
      <object_component id="oc-5a">
         <name>.debug_info</name>
         <load_address>0x8f65</load_address>
         <run_address>0x8f65</run_address>
         <size>0x852</size>
         <input_file_ref idref="fl-8f"/>
      </object_component>
      <object_component id="oc-5f">
         <name>.debug_info</name>
         <load_address>0x97b7</load_address>
         <run_address>0x97b7</run_address>
         <size>0xabf</size>
         <input_file_ref idref="fl-90"/>
      </object_component>
      <object_component id="oc-65">
         <name>.debug_info</name>
         <load_address>0xa276</load_address>
         <run_address>0xa276</run_address>
         <size>0x6d5</size>
         <input_file_ref idref="fl-91"/>
      </object_component>
      <object_component id="oc-68">
         <name>.debug_info</name>
         <load_address>0xa94b</load_address>
         <run_address>0xa94b</run_address>
         <size>0x7ed</size>
         <input_file_ref idref="fl-92"/>
      </object_component>
      <object_component id="oc-6b">
         <name>.debug_info</name>
         <load_address>0xb138</load_address>
         <run_address>0xb138</run_address>
         <size>0x64b</size>
         <input_file_ref idref="fl-93"/>
      </object_component>
      <object_component id="oc-b4">
         <name>.debug_info</name>
         <load_address>0xb783</load_address>
         <run_address>0xb783</run_address>
         <size>0x6d</size>
      </object_component>
      <object_component id="oc-1a">
         <name>.debug_frame</name>
         <load_address>0x0</load_address>
         <run_address>0x0</run_address>
         <size>0x27c</size>
         <input_file_ref idref="fl-2"/>
      </object_component>
      <object_component id="oc-1b">
         <name>.debug_line</name>
         <load_address>0x0</load_address>
         <run_address>0x0</run_address>
         <size>0x7f</size>
         <input_file_ref idref="fl-2"/>
      </object_component>
      <object_component id="oc-1f">
         <name>.debug_line</name>
         <load_address>0x7f</load_address>
         <run_address>0x7f</run_address>
         <size>0x3d</size>
         <input_file_ref idref="fl-7e"/>
      </object_component>
      <object_component id="oc-28">
         <name>.debug_line</name>
         <load_address>0xbc</load_address>
         <run_address>0xbc</run_address>
         <size>0x4f</size>
         <input_file_ref idref="fl-80"/>
      </object_component>
      <object_component id="oc-2b">
         <name>.debug_line</name>
         <load_address>0x10b</load_address>
         <run_address>0x10b</run_address>
         <size>0x5c</size>
         <input_file_ref idref="fl-81"/>
      </object_component>
      <object_component id="oc-2e">
         <name>.debug_line</name>
         <load_address>0x167</load_address>
         <run_address>0x167</run_address>
         <size>0x55</size>
         <input_file_ref idref="fl-82"/>
      </object_component>
      <object_component id="oc-33">
         <name>.debug_line</name>
         <load_address>0x1bc</load_address>
         <run_address>0x1bc</run_address>
         <size>0xf5</size>
         <input_file_ref idref="fl-83"/>
      </object_component>
      <object_component id="oc-37">
         <name>.debug_line</name>
         <load_address>0x2b1</load_address>
         <run_address>0x2b1</run_address>
         <size>0x126</size>
         <input_file_ref idref="fl-84"/>
      </object_component>
      <object_component id="oc-3b">
         <name>.debug_line</name>
         <load_address>0x3d7</load_address>
         <run_address>0x3d7</run_address>
         <size>0x66</size>
         <input_file_ref idref="fl-85"/>
      </object_component>
      <object_component id="oc-3e">
         <name>.debug_line</name>
         <load_address>0x43d</load_address>
         <run_address>0x43d</run_address>
         <size>0x40</size>
         <input_file_ref idref="fl-86"/>
      </object_component>
      <object_component id="oc-43">
         <name>.debug_line</name>
         <load_address>0x47d</load_address>
         <run_address>0x47d</run_address>
         <size>0x35</size>
         <input_file_ref idref="fl-87"/>
      </object_component>
      <object_component id="oc-46">
         <name>.debug_line</name>
         <load_address>0x4b2</load_address>
         <run_address>0x4b2</run_address>
         <size>0x3f</size>
         <input_file_ref idref="fl-88"/>
      </object_component>
      <object_component id="oc-49">
         <name>.debug_line</name>
         <load_address>0x4f1</load_address>
         <run_address>0x4f1</run_address>
         <size>0x49</size>
         <input_file_ref idref="fl-89"/>
      </object_component>
      <object_component id="oc-4c">
         <name>.debug_line</name>
         <load_address>0x53a</load_address>
         <run_address>0x53a</run_address>
         <size>0x45</size>
         <input_file_ref idref="fl-8a"/>
      </object_component>
      <object_component id="oc-4f">
         <name>.debug_line</name>
         <load_address>0x57f</load_address>
         <run_address>0x57f</run_address>
         <size>0x44</size>
         <input_file_ref idref="fl-8b"/>
      </object_component>
      <object_component id="oc-52">
         <name>.debug_line</name>
         <load_address>0x5c3</load_address>
         <run_address>0x5c3</run_address>
         <size>0x3c</size>
         <input_file_ref idref="fl-8c"/>
      </object_component>
      <object_component id="oc-55">
         <name>.debug_line</name>
         <load_address>0x5ff</load_address>
         <run_address>0x5ff</run_address>
         <size>0x4a</size>
         <input_file_ref idref="fl-8d"/>
      </object_component>
      <object_component id="oc-58">
         <name>.debug_line</name>
         <load_address>0x649</load_address>
         <run_address>0x649</run_address>
         <size>0x40</size>
         <input_file_ref idref="fl-8e"/>
      </object_component>
      <object_component id="oc-5d">
         <name>.debug_line</name>
         <load_address>0x689</load_address>
         <run_address>0x689</run_address>
         <size>0x42</size>
         <input_file_ref idref="fl-8f"/>
      </object_component>
      <object_component id="oc-63">
         <name>.debug_line</name>
         <load_address>0x6cb</load_address>
         <run_address>0x6cb</run_address>
         <size>0xa7</size>
         <input_file_ref idref="fl-90"/>
      </object_component>
      <object_component id="oc-66">
         <name>.debug_line</name>
         <load_address>0x772</load_address>
         <run_address>0x772</run_address>
         <size>0x26</size>
         <input_file_ref idref="fl-91"/>
      </object_component>
      <object_component id="oc-69">
         <name>.debug_line</name>
         <load_address>0x798</load_address>
         <run_address>0x798</run_address>
         <size>0x3e</size>
         <input_file_ref idref="fl-92"/>
      </object_component>
      <object_component id="oc-6c">
         <name>.debug_line</name>
         <load_address>0x7d6</load_address>
         <run_address>0x7d6</run_address>
         <size>0x39</size>
         <input_file_ref idref="fl-93"/>
      </object_component>
      <object_component id="oc-1c">
         <name>.debug_abbrev</name>
         <load_address>0x0</load_address>
         <run_address>0x0</run_address>
         <size>0x13b</size>
         <input_file_ref idref="fl-2"/>
      </object_component>
      <object_component id="oc-20">
         <name>.debug_abbrev</name>
         <load_address>0x13b</load_address>
         <run_address>0x13b</run_address>
         <size>0xfe</size>
         <input_file_ref idref="fl-7e"/>
      </object_component>
      <object_component id="oc-24">
         <name>.debug_abbrev</name>
         <load_address>0x239</load_address>
         <run_address>0x239</run_address>
         <size>0x8e</size>
         <input_file_ref idref="fl-7f"/>
      </object_component>
      <object_component id="oc-29">
         <name>.debug_abbrev</name>
         <load_address>0x2c7</load_address>
         <run_address>0x2c7</run_address>
         <size>0x119</size>
         <input_file_ref idref="fl-80"/>
      </object_component>
      <object_component id="oc-2c">
         <name>.debug_abbrev</name>
         <load_address>0x3e0</load_address>
         <run_address>0x3e0</run_address>
         <size>0x12d</size>
         <input_file_ref idref="fl-81"/>
      </object_component>
      <object_component id="oc-2f">
         <name>.debug_abbrev</name>
         <load_address>0x50d</load_address>
         <run_address>0x50d</run_address>
         <size>0x11f</size>
         <input_file_ref idref="fl-82"/>
      </object_component>
      <object_component id="oc-34">
         <name>.debug_abbrev</name>
         <load_address>0x62c</load_address>
         <run_address>0x62c</run_address>
         <size>0x215</size>
         <input_file_ref idref="fl-83"/>
      </object_component>
      <object_component id="oc-38">
         <name>.debug_abbrev</name>
         <load_address>0x841</load_address>
         <run_address>0x841</run_address>
         <size>0x180</size>
         <input_file_ref idref="fl-84"/>
      </object_component>
      <object_component id="oc-3c">
         <name>.debug_abbrev</name>
         <load_address>0x9c1</load_address>
         <run_address>0x9c1</run_address>
         <size>0xd5</size>
         <input_file_ref idref="fl-85"/>
      </object_component>
      <object_component id="oc-3f">
         <name>.debug_abbrev</name>
         <load_address>0xa96</load_address>
         <run_address>0xa96</run_address>
         <size>0xd1</size>
         <input_file_ref idref="fl-86"/>
      </object_component>
      <object_component id="oc-44">
         <name>.debug_abbrev</name>
         <load_address>0xb67</load_address>
         <run_address>0xb67</run_address>
         <size>0x9f</size>
         <input_file_ref idref="fl-87"/>
      </object_component>
      <object_component id="oc-47">
         <name>.debug_abbrev</name>
         <load_address>0xc06</load_address>
         <run_address>0xc06</run_address>
         <size>0xe1</size>
         <input_file_ref idref="fl-88"/>
      </object_component>
      <object_component id="oc-4a">
         <name>.debug_abbrev</name>
         <load_address>0xce7</load_address>
         <run_address>0xce7</run_address>
         <size>0x13f</size>
         <input_file_ref idref="fl-89"/>
      </object_component>
      <object_component id="oc-4d">
         <name>.debug_abbrev</name>
         <load_address>0xe26</load_address>
         <run_address>0xe26</run_address>
         <size>0xdd</size>
         <input_file_ref idref="fl-8a"/>
      </object_component>
      <object_component id="oc-50">
         <name>.debug_abbrev</name>
         <load_address>0xf03</load_address>
         <run_address>0xf03</run_address>
         <size>0x10c</size>
         <input_file_ref idref="fl-8b"/>
      </object_component>
      <object_component id="oc-53">
         <name>.debug_abbrev</name>
         <load_address>0x100f</load_address>
         <run_address>0x100f</run_address>
         <size>0xf7</size>
         <input_file_ref idref="fl-8c"/>
      </object_component>
      <object_component id="oc-56">
         <name>.debug_abbrev</name>
         <load_address>0x1106</load_address>
         <run_address>0x1106</run_address>
         <size>0x3a</size>
         <input_file_ref idref="fl-8d"/>
      </object_component>
      <object_component id="oc-59">
         <name>.debug_abbrev</name>
         <load_address>0x1140</load_address>
         <run_address>0x1140</run_address>
         <size>0x11a</size>
         <input_file_ref idref="fl-8e"/>
      </object_component>
      <object_component id="oc-5e">
         <name>.debug_abbrev</name>
         <load_address>0x125a</load_address>
         <run_address>0x125a</run_address>
         <size>0x1cd</size>
         <input_file_ref idref="fl-8f"/>
      </object_component>
      <object_component id="oc-64">
         <name>.debug_abbrev</name>
         <load_address>0x1427</load_address>
         <run_address>0x1427</run_address>
         <size>0x1f8</size>
         <input_file_ref idref="fl-90"/>
      </object_component>
      <object_component id="oc-67">
         <name>.debug_abbrev</name>
         <load_address>0x161f</load_address>
         <run_address>0x161f</run_address>
         <size>0xd0</size>
         <input_file_ref idref="fl-91"/>
      </object_component>
      <object_component id="oc-6a">
         <name>.debug_abbrev</name>
         <load_address>0x16ef</load_address>
         <run_address>0x16ef</run_address>
         <size>0x130</size>
         <input_file_ref idref="fl-92"/>
      </object_component>
      <object_component id="oc-6d">
         <name>.debug_abbrev</name>
         <load_address>0x181f</load_address>
         <run_address>0x181f</run_address>
         <size>0xab</size>
         <input_file_ref idref="fl-93"/>
      </object_component>
      <object_component id="oc-b5">
         <name>.debug_abbrev</name>
         <load_address>0x18ca</load_address>
         <run_address>0x18ca</run_address>
         <size>0xd</size>
      </object_component>
   </object_component_list>
   <logical_group_list>
      <logical_group id="lg-2">
         <name>.text</name>
         <load_address>0x80000000</load_address>
         <run_address>0x80000000</run_address>
         <size>0x2000</size>
         <contents>
            <object_component_ref idref="oc-89"/>
            <object_component_ref idref="oc-82"/>
            <object_component_ref idref="oc-87"/>
            <object_component_ref idref="oc-77"/>
            <object_component_ref idref="oc-8a"/>
            <object_component_ref idref="oc-92"/>
            <object_component_ref idref="oc-8e"/>
            <object_component_ref idref="oc-86"/>
            <object_component_ref idref="oc-75"/>
            <object_component_ref idref="oc-84"/>
            <object_component_ref idref="oc-7c"/>
            <object_component_ref idref="oc-71"/>
            <object_component_ref idref="oc-73"/>
            <object_component_ref idref="oc-8f"/>
            <object_component_ref idref="oc-81"/>
            <object_component_ref idref="oc-76"/>
            <object_component_ref idref="oc-74"/>
            <object_component_ref idref="oc-6e"/>
            <object_component_ref idref="oc-83"/>
            <object_component_ref idref="oc-70"/>
            <object_component_ref idref="oc-72"/>
            <object_component_ref idref="oc-8b"/>
            <object_component_ref idref="oc-79"/>
            <object_component_ref idref="oc-93"/>
            <object_component_ref idref="oc-88"/>
            <object_component_ref idref="oc-7a"/>
            <object_component_ref idref="oc-8d"/>
            <object_component_ref idref="oc-8c"/>
            <object_component_ref idref="oc-85"/>
            <object_component_ref idref="oc-17"/>
            <object_component_ref idref="oc-7f"/>
            <object_component_ref idref="oc-91"/>
            <object_component_ref idref="oc-7b"/>
            <object_component_ref idref="oc-7e"/>
            <object_component_ref idref="oc-6f"/>
            <object_component_ref idref="oc-78"/>
            <object_component_ref idref="oc-7d"/>
            <object_component_ref idref="oc-80"/>
            <object_component_ref idref="oc-90"/>
         </contents>
      </logical_group>
      <logical_group id="lg-3">
         <name>.stack</name>
         <run_address>0x80002000</run_address>
         <size>0x800</size>
         <contents>
            <object_component_ref idref="oc-1e"/>
            <object_component_ref idref="oc-b2"/>
         </contents>
      </logical_group>
      <logical_group id="lg-4">
         <name>.bss</name>
         <run_address>0x80000000</run_address>
         <size>0x0</size>
         <contents>
         </contents>
      </logical_group>
      <logical_group id="lg-5">
         <name>.cio</name>
         <run_address>0x800035c0</run_address>
         <size>0x120</size>
         <contents>
            <object_component_ref idref="oc-3a"/>
         </contents>
      </logical_group>
      <logical_group id="lg-6">
         <name>.const</name>
         <load_address>0x800036e0</load_address>
         <run_address>0x800036e0</run_address>
         <size>0xb0</size>
         <contents>
            <object_component_ref idref="oc-19"/>
         </contents>
      </logical_group>
      <logical_group id="lg-7">
         <name>.data</name>
         <run_address>0x80000000</run_address>
         <size>0x0</size>
         <contents>
         </contents>
      </logical_group>
      <logical_group id="lg-8">
         <name>.switch</name>
         <run_address>0x0</run_address>
         <size>0x0</size>
         <contents>
         </contents>
      </logical_group>
      <logical_group id="lg-9">
         <name>.sysmem</name>
         <run_address>0x80002800</run_address>
         <size>0x800</size>
         <contents>
            <object_component_ref idref="oc-62"/>
            <object_component_ref idref="oc-b3"/>
         </contents>
      </logical_group>
      <logical_group id="lg-a">
         <name>.far</name>
         <run_address>0x80003000</run_address>
         <size>0x468</size>
         <contents>
            <object_component_ref idref="oc-23"/>
            <object_component_ref idref="oc-27"/>
            <object_component_ref idref="oc-32"/>
            <object_component_ref idref="oc-36"/>
            <object_component_ref idref="oc-42"/>
            <object_component_ref idref="oc-5c"/>
            <object_component_ref idref="oc-61"/>
         </contents>
      </logical_group>
      <logical_group id="lg-b">
         <name>.args</name>
         <run_address>0x0</run_address>
         <size>0x0</size>
         <contents>
         </contents>
      </logical_group>
      <logical_group id="lg-c">
         <name>.ppinfo</name>
         <run_address>0x0</run_address>
         <size>0x0</size>
         <contents>
         </contents>
      </logical_group>
      <logical_group id="lg-d">
         <name>.ppdata</name>
         <run_address>0x0</run_address>
         <size>0x0</size>
         <contents>
         </contents>
      </logical_group>
      <logical_group id="lg-e">
         <name>.pinit</name>
         <run_address>0x0</run_address>
         <size>0x0</size>
         <contents>
         </contents>
      </logical_group>
      <logical_group id="lg-f">
         <name>.cinit</name>
         <load_address>0x80003468</load_address>
         <run_address>0x80003468</run_address>
         <size>0x154</size>
         <contents>
            <object_component_ref idref="oc-22"/>
            <object_component_ref idref="oc-31"/>
            <object_component_ref idref="oc-26"/>
            <object_component_ref idref="oc-60"/>
            <object_component_ref idref="oc-41"/>
            <object_component_ref idref="oc-5b"/>
         </contents>
      </logical_group>
      <logical_group id="lg-10">
         <name>.binit</name>
         <run_address>0x0</run_address>
         <size>0x0</size>
         <contents>
         </contents>
      </logical_group>
      <logical_group id="lg-11">
         <name>.init_array</name>
         <run_address>0x0</run_address>
         <size>0x0</size>
         <contents>
         </contents>
      </logical_group>
      <logical_group id="lg-12">
         <name>.neardata</name>
         <run_address>0x0</run_address>
         <size>0x0</size>
         <contents>
         </contents>
      </logical_group>
      <logical_group id="lg-13">
         <name>.fardata</name>
         <run_address>0x0</run_address>
         <size>0x0</size>
         <contents>
         </contents>
      </logical_group>
      <logical_group id="lg-14">
         <name>.rodata</name>
         <run_address>0x0</run_address>
         <size>0x0</size>
         <contents>
         </contents>
      </logical_group>
      <logical_group id="lg-15">
         <name>.c6xabi.exidx</name>
         <run_address>0x0</run_address>
         <size>0x0</size>
         <contents>
         </contents>
      </logical_group>
      <logical_group id="lg-16">
         <name>.c6xabi.extab</name>
         <run_address>0x0</run_address>
         <size>0x0</size>
         <contents>
         </contents>
      </logical_group>
      <logical_group id="lg-a9">
         <name>.debug_info</name>
         <load_address>0x0</load_address>
         <run_address>0x0</run_address>
         <size>0xb7f0</size>
         <contents>
            <object_component_ref idref="oc-18"/>
            <object_component_ref idref="oc-1d"/>
            <object_component_ref idref="oc-21"/>
            <object_component_ref idref="oc-25"/>
            <object_component_ref idref="oc-2a"/>
            <object_component_ref idref="oc-2d"/>
            <object_component_ref idref="oc-30"/>
            <object_component_ref idref="oc-35"/>
            <object_component_ref idref="oc-39"/>
            <object_component_ref idref="oc-3d"/>
            <object_component_ref idref="oc-40"/>
            <object_component_ref idref="oc-45"/>
            <object_component_ref idref="oc-48"/>
            <object_component_ref idref="oc-4b"/>
            <object_component_ref idref="oc-4e"/>
            <object_component_ref idref="oc-51"/>
            <object_component_ref idref="oc-54"/>
            <object_component_ref idref="oc-57"/>
            <object_component_ref idref="oc-5a"/>
            <object_component_ref idref="oc-5f"/>
            <object_component_ref idref="oc-65"/>
            <object_component_ref idref="oc-68"/>
            <object_component_ref idref="oc-6b"/>
            <object_component_ref idref="oc-b4"/>
         </contents>
      </logical_group>
      <logical_group id="lg-ab">
         <name>.debug_frame</name>
         <load_address>0x0</load_address>
         <run_address>0x0</run_address>
         <size>0x27c</size>
         <contents>
            <object_component_ref idref="oc-1a"/>
         </contents>
      </logical_group>
      <logical_group id="lg-ad">
         <name>.debug_line</name>
         <load_address>0x0</load_address>
         <run_address>0x0</run_address>
         <size>0x80f</size>
         <contents>
            <object_component_ref idref="oc-1b"/>
            <object_component_ref idref="oc-1f"/>
            <object_component_ref idref="oc-28"/>
            <object_component_ref idref="oc-2b"/>
            <object_component_ref idref="oc-2e"/>
            <object_component_ref idref="oc-33"/>
            <object_component_ref idref="oc-37"/>
            <object_component_ref idref="oc-3b"/>
            <object_component_ref idref="oc-3e"/>
            <object_component_ref idref="oc-43"/>
            <object_component_ref idref="oc-46"/>
            <object_component_ref idref="oc-49"/>
            <object_component_ref idref="oc-4c"/>
            <object_component_ref idref="oc-4f"/>
            <object_component_ref idref="oc-52"/>
            <object_component_ref idref="oc-55"/>
            <object_component_ref idref="oc-58"/>
            <object_component_ref idref="oc-5d"/>
            <object_component_ref idref="oc-63"/>
            <object_component_ref idref="oc-66"/>
            <object_component_ref idref="oc-69"/>
            <object_component_ref idref="oc-6c"/>
         </contents>
      </logical_group>
      <logical_group id="lg-af">
         <name>.debug_abbrev</name>
         <load_address>0x0</load_address>
         <run_address>0x0</run_address>
         <size>0x18d7</size>
         <contents>
            <object_component_ref idref="oc-1c"/>
            <object_component_ref idref="oc-20"/>
            <object_component_ref idref="oc-24"/>
            <object_component_ref idref="oc-29"/>
            <object_component_ref idref="oc-2c"/>
            <object_component_ref idref="oc-2f"/>
            <object_component_ref idref="oc-34"/>
            <object_component_ref idref="oc-38"/>
            <object_component_ref idref="oc-3c"/>
            <object_component_ref idref="oc-3f"/>
            <object_component_ref idref="oc-44"/>
            <object_component_ref idref="oc-47"/>
            <object_component_ref idref="oc-4a"/>
            <object_component_ref idref="oc-4d"/>
            <object_component_ref idref="oc-50"/>
            <object_component_ref idref="oc-53"/>
            <object_component_ref idref="oc-56"/>
            <object_component_ref idref="oc-59"/>
            <object_component_ref idref="oc-5e"/>
            <object_component_ref idref="oc-64"/>
            <object_component_ref idref="oc-67"/>
            <object_component_ref idref="oc-6a"/>
            <object_component_ref idref="oc-6d"/>
            <object_component_ref idref="oc-b5"/>
         </contents>
      </logical_group>
   </logical_group_list>
   <placement_map>
      <memory_area>
         <name>DSPL2ROM</name>
         <page_id>0x0</page_id>
         <origin>0x700000</origin>
         <length>0x100000</length>
         <used_space>0x0</used_space>
         <unused_space>0x100000</unused_space>
         <attributes>RWIX</attributes>
         <usage_details>
         </usage_details>
      </memory_area>
      <memory_area>
         <name>DSPL2RAM</name>
         <page_id>0x0</page_id>
         <origin>0x800000</origin>
         <length>0x40000</length>
         <used_space>0x0</used_space>
         <unused_space>0x40000</unused_space>
         <attributes>RWIX</attributes>
         <usage_details>
         </usage_details>
      </memory_area>
      <memory_area>
         <name>DSPL1PRAM</name>
         <page_id>0x0</page_id>
         <origin>0xe00000</origin>
         <length>0x8000</length>
         <used_space>0x0</used_space>
         <unused_space>0x8000</unused_space>
         <attributes>RWIX</attributes>
         <usage_details>
         </usage_details>
      </memory_area>
      <memory_area>
         <name>DSPL1DRAM</name>
         <page_id>0x0</page_id>
         <origin>0xf00000</origin>
         <length>0x8000</length>
         <used_space>0x0</used_space>
         <unused_space>0x8000</unused_space>
         <attributes>RWIX</attributes>
         <usage_details>
         </usage_details>
      </memory_area>
      <memory_area>
         <name>SHDSPL2ROM</name>
         <page_id>0x0</page_id>
         <origin>0x11700000</origin>
         <length>0x100000</length>
         <used_space>0x0</used_space>
         <unused_space>0x100000</unused_space>
         <attributes>RWIX</attributes>
         <usage_details>
         </usage_details>
      </memory_area>
      <memory_area>
         <name>SHDSPL2RAM</name>
         <page_id>0x0</page_id>
         <origin>0x11800000</origin>
         <length>0x40000</length>
         <used_space>0x0</used_space>
         <unused_space>0x40000</unused_space>
         <attributes>RWIX</attributes>
         <usage_details>
         </usage_details>
      </memory_area>
      <memory_area>
         <name>SHDSPL1PRAM</name>
         <page_id>0x0</page_id>
         <origin>0x11e00000</origin>
         <length>0x8000</length>
         <used_space>0x0</used_space>
         <unused_space>0x8000</unused_space>
         <attributes>RWIX</attributes>
         <usage_details>
         </usage_details>
      </memory_area>
      <memory_area>
         <name>SHDSPL1DRAM</name>
         <page_id>0x0</page_id>
         <origin>0x11f00000</origin>
         <length>0x8000</length>
         <used_space>0x0</used_space>
         <unused_space>0x8000</unused_space>
         <attributes>RWIX</attributes>
         <usage_details>
         </usage_details>
      </memory_area>
      <memory_area>
         <name>EMIFACS0</name>
         <page_id>0x0</page_id>
         <origin>0x40000000</origin>
         <length>0x20000000</length>
         <used_space>0x0</used_space>
         <unused_space>0x20000000</unused_space>
         <attributes>RWIX</attributes>
         <usage_details>
         </usage_details>
      </memory_area>
      <memory_area>
         <name>EMIFACS2</name>
         <page_id>0x0</page_id>
         <origin>0x60000000</origin>
         <length>0x2000000</length>
         <used_space>0x0</used_space>
         <unused_space>0x2000000</unused_space>
         <attributes>RWIX</attributes>
         <usage_details>
         </usage_details>
      </memory_area>
      <memory_area>
         <name>EMIFACS3</name>
         <page_id>0x0</page_id>
         <origin>0x62000000</origin>
         <length>0x2000000</length>
         <used_space>0x0</used_space>
         <unused_space>0x2000000</unused_space>
         <attributes>RWIX</attributes>
         <usage_details>
         </usage_details>
      </memory_area>
      <memory_area>
         <name>EMIFACS4</name>
         <page_id>0x0</page_id>
         <origin>0x64000000</origin>
         <length>0x2000000</length>
         <used_space>0x0</used_space>
         <unused_space>0x2000000</unused_space>
         <attributes>RWIX</attributes>
         <usage_details>
         </usage_details>
      </memory_area>
      <memory_area>
         <name>EMIFACS5</name>
         <page_id>0x0</page_id>
         <origin>0x66000000</origin>
         <length>0x2000000</length>
         <used_space>0x0</used_space>
         <unused_space>0x2000000</unused_space>
         <attributes>RWIX</attributes>
         <usage_details>
         </usage_details>
      </memory_area>
      <memory_area>
         <name>SHRAM</name>
         <page_id>0x0</page_id>
         <origin>0x80000000</origin>
         <length>0x20000</length>
         <used_space>0x378c</used_space>
         <unused_space>0x1c874</unused_space>
         <attributes>RWIX</attributes>
         <usage_details>
            <allocated_space>
               <start_address>0x80000000</start_address>
               <size>0x0</size>
               <logical_group_ref idref="lg-7"/>
            </allocated_space>
            <allocated_space>
               <start_address>0x80000000</start_address>
               <size>0x0</size>
               <logical_group_ref idref="lg-4"/>
            </allocated_space>
            <allocated_space>
               <start_address>0x80000000</start_address>
               <size>0x2000</size>
               <logical_group_ref idref="lg-2"/>
            </allocated_space>
            <allocated_space>
               <start_address>0x80002000</start_address>
               <size>0x800</size>
               <logical_group_ref idref="lg-3"/>
            </allocated_space>
            <allocated_space>
               <start_address>0x80002800</start_address>
               <size>0x800</size>
               <logical_group_ref idref="lg-9"/>
            </allocated_space>
            <allocated_space>
               <start_address>0x80003000</start_address>
               <size>0x468</size>
               <logical_group_ref idref="lg-a"/>
            </allocated_space>
            <allocated_space>
               <start_address>0x80003468</start_address>
               <size>0x154</size>
               <logical_group_ref idref="lg-f"/>
            </allocated_space>
            <available_space>
               <start_address>0x800035bc</start_address>
               <size>0x4</size>
            </available_space>
            <allocated_space>
               <start_address>0x800035c0</start_address>
               <size>0x120</size>
               <logical_group_ref idref="lg-5"/>
            </allocated_space>
            <allocated_space>
               <start_address>0x800036e0</start_address>
               <size>0xb0</size>
               <logical_group_ref idref="lg-6"/>
            </allocated_space>
            <available_space>
               <start_address>0x80003790</start_address>
               <size>0x1c870</size>
            </available_space>
         </usage_details>
      </memory_area>
      <memory_area>
         <name>DDR2</name>
         <page_id>0x0</page_id>
         <origin>0xc0000000</origin>
         <length>0x20000000</length>
         <used_space>0x0</used_space>
         <unused_space>0x20000000</unused_space>
         <attributes>RWIX</attributes>
         <usage_details>
         </usage_details>
      </memory_area>
   </placement_map>
   <symbol_table>
      <symbol id="sm-0">
         <name>cinit</name>
         <value>0x80003468</value>
      </symbol>
      <symbol id="sm-1">
         <name>___cinit__</name>
         <value>0x80003468</value>
      </symbol>
      <symbol id="sm-2">
         <name>pinit</name>
         <value>0xffffffff</value>
      </symbol>
      <symbol id="sm-3">
         <name>___pinit__</name>
         <value>0xffffffff</value>
      </symbol>
      <symbol id="sm-4">
         <name>binit</name>
         <value>0xffffffff</value>
      </symbol>
      <symbol id="sm-5">
         <name>___binit__</name>
         <value>0xffffffff</value>
      </symbol>
      <symbol id="sm-6">
         <name>__STACK_SIZE</name>
         <value>0x800</value>
      </symbol>
      <symbol id="sm-7">
         <name>__STACK_END</name>
         <value>0x80002800</value>
      </symbol>
      <symbol id="sm-8">
         <name>__SYSMEM_SIZE</name>
         <value>0x800</value>
      </symbol>
      <symbol id="sm-9">
         <name>___c_args__</name>
         <value>0xffffffff</value>
      </symbol>
      <symbol id="sm-a">
         <name>.text</name>
         <value>0x80000000</value>
      </symbol>
      <symbol id="sm-b">
         <name>___text__</name>
         <value>0x80000000</value>
      </symbol>
      <symbol id="sm-c">
         <name>etext</name>
         <value>0x80002000</value>
      </symbol>
      <symbol id="sm-d">
         <name>___etext__</name>
         <value>0x80002000</value>
      </symbol>
      <symbol id="sm-e">
         <name>.data</name>
         <value>0x80000000</value>
      </symbol>
      <symbol id="sm-f">
         <name>___data__</name>
         <value>0x80000000</value>
      </symbol>
      <symbol id="sm-10">
         <name>edata</name>
         <value>0x80000000</value>
      </symbol>
      <symbol id="sm-11">
         <name>___edata__</name>
         <value>0x80000000</value>
      </symbol>
      <symbol id="sm-12">
         <name>.bss</name>
         <value>0x80000000</value>
      </symbol>
      <symbol id="sm-13">
         <name>___bss__</name>
         <value>0x80000000</value>
      </symbol>
      <symbol id="sm-14">
         <name>end</name>
         <value>0x80000000</value>
      </symbol>
      <symbol id="sm-15">
         <name>___end__</name>
         <value>0x80000000</value>
      </symbol>
      <symbol id="sm-16">
         <name>___TI_pprof_out_hndl</name>
         <value>0xffffffff</value>
      </symbol>
      <symbol id="sm-17">
         <name>___TI_prof_data_start</name>
         <value>0xffffffff</value>
      </symbol>
      <symbol id="sm-18">
         <name>___TI_prof_data_size</name>
         <value>0xffffffff</value>
      </symbol>
      <symbol id="sm-19">
         <name>$bss</name>
         <value>0x80000000</value>
      </symbol>
      <symbol id="sm-7b">
         <name>_main</name>
         <value>0x80000f64</value>
         <object_component_ref idref="oc-7c"/>
      </symbol>
      <symbol id="sm-7c">
         <name>_putstring</name>
         <value>0x80000f20</value>
         <object_component_ref idref="oc-7c"/>
      </symbol>
      <symbol id="sm-8b">
         <name>_c_int00</name>
         <value>0x80001d00</value>
         <object_component_ref idref="oc-17"/>
      </symbol>
      <symbol id="sm-8c">
         <name>__stack</name>
         <value>0x80002000</value>
         <object_component_ref idref="oc-1e"/>
      </symbol>
      <symbol id="sm-96">
         <name>__tmpnams</name>
         <value>0x800031e0</value>
         <object_component_ref idref="oc-23"/>
      </symbol>
      <symbol id="sm-97">
         <name>__ft_end</name>
         <value>0x80003320</value>
         <object_component_ref idref="oc-23"/>
      </symbol>
      <symbol id="sm-98">
         <name>__ftable</name>
         <value>0x80003000</value>
         <object_component_ref idref="oc-23"/>
      </symbol>
      <symbol id="sm-af">
         <name>C$$EXIT</name>
         <value>0x80001fa0</value>
         <object_component_ref idref="oc-7d"/>
      </symbol>
      <symbol id="sm-b0">
         <name>_exit</name>
         <value>0x800016a0</value>
         <object_component_ref idref="oc-70"/>
      </symbol>
      <symbol id="sm-b1">
         <name>___TI_enable_exit_profile_output</name>
         <value>0x8000344c</value>
         <object_component_ref idref="oc-27"/>
      </symbol>
      <symbol id="sm-b2">
         <name>_abort</name>
         <value>0x80001fa0</value>
         <object_component_ref idref="oc-7d"/>
      </symbol>
      <symbol id="sm-b3">
         <name>__cleanup_ptr</name>
         <value>0x80003444</value>
         <object_component_ref idref="oc-27"/>
      </symbol>
      <symbol id="sm-b4">
         <name>__dtors_ptr</name>
         <value>0x80003448</value>
         <object_component_ref idref="oc-27"/>
      </symbol>
      <symbol id="sm-cc">
         <name>__doflush</name>
         <value>0x800015e0</value>
         <object_component_ref idref="oc-83"/>
      </symbol>
      <symbol id="sm-cd">
         <name>_fflush</name>
         <value>0x800012c0</value>
         <object_component_ref idref="oc-81"/>
      </symbol>
      <symbol id="sm-ea">
         <name>_putchar</name>
         <value>0x80001fc0</value>
         <object_component_ref idref="oc-80"/>
      </symbol>
      <symbol id="sm-eb">
         <name>_putc</name>
         <value>0x80000280</value>
         <object_component_ref idref="oc-82"/>
      </symbol>
      <symbol id="sm-ec">
         <name>_fputc</name>
         <value>0x80000280</value>
         <object_component_ref idref="oc-82"/>
      </symbol>
      <symbol id="sm-129">
         <name>_unlink</name>
         <value>0x80001e00</value>
         <object_component_ref idref="oc-91"/>
      </symbol>
      <symbol id="sm-12a">
         <name>_lseek</name>
         <value>0x800019e0</value>
         <object_component_ref idref="oc-88"/>
      </symbol>
      <symbol id="sm-12b">
         <name>_close</name>
         <value>0x800011e0</value>
         <object_component_ref idref="oc-8f"/>
      </symbol>
      <symbol id="sm-12c">
         <name>_write</name>
         <value>0x80001c60</value>
         <object_component_ref idref="oc-85"/>
      </symbol>
      <symbol id="sm-155">
         <name>_HOSTopen</name>
         <value>0x80001020</value>
         <object_component_ref idref="oc-71"/>
      </symbol>
      <symbol id="sm-156">
         <name>_HOSTread</name>
         <value>0x80001100</value>
         <object_component_ref idref="oc-73"/>
      </symbol>
      <symbol id="sm-157">
         <name>_HOSTrename</name>
         <value>0x800006a0</value>
         <object_component_ref idref="oc-77"/>
      </symbol>
      <symbol id="sm-158">
         <name>_HOSTwrite</name>
         <value>0x80001460</value>
         <object_component_ref idref="oc-74"/>
      </symbol>
      <symbol id="sm-159">
         <name>_HOSTlseek</name>
         <value>0x80000d20</value>
         <object_component_ref idref="oc-75"/>
      </symbol>
      <symbol id="sm-15a">
         <name>_HOSTunlink</name>
         <value>0x800013a0</value>
         <object_component_ref idref="oc-76"/>
      </symbol>
      <symbol id="sm-15b">
         <name>_HOSTclose</name>
         <value>0x80001760</value>
         <object_component_ref idref="oc-72"/>
      </symbol>
      <symbol id="sm-16b">
         <name>C$$IO$$</name>
         <value>0x80001f38</value>
         <object_component_ref idref="oc-7e"/>
      </symbol>
      <symbol id="sm-16c">
         <name>__CIOBUF_</name>
         <value>0x800035c0</value>
         <object_component_ref idref="oc-3a"/>
      </symbol>
      <symbol id="sm-16d">
         <name>_readmsg</name>
         <value>0x80001d80</value>
         <object_component_ref idref="oc-7f"/>
      </symbol>
      <symbol id="sm-16e">
         <name>_writemsg</name>
         <value>0x80001ee0</value>
         <object_component_ref idref="oc-7e"/>
      </symbol>
      <symbol id="sm-17d">
         <name>__wrt_ok</name>
         <value>0x80000e20</value>
         <object_component_ref idref="oc-84"/>
      </symbol>
      <symbol id="sm-18b">
         <name>__unlock</name>
         <value>0x80003454</value>
         <object_component_ref idref="oc-42"/>
      </symbol>
      <symbol id="sm-18c">
         <name>__lock</name>
         <value>0x80003450</value>
         <object_component_ref idref="oc-42"/>
      </symbol>
      <symbol id="sm-18d">
         <name>__nop</name>
         <value>0x80001f80</value>
         <object_component_ref idref="oc-78"/>
      </symbol>
      <symbol id="sm-197">
         <name>__args_main</name>
         <value>0x80001f40</value>
         <object_component_ref idref="oc-6f"/>
      </symbol>
      <symbol id="sm-198">
         <name>__TI_args_main</name>
         <value>0x1</value>
      </symbol>
      <symbol id="sm-1a7">
         <name>__auto_init</name>
         <value>0x80001520</value>
         <object_component_ref idref="oc-6e"/>
      </symbol>
      <symbol id="sm-1b4">
         <name>___TI_cpp_init</name>
         <value>0x80001e80</value>
         <object_component_ref idref="oc-7b"/>
      </symbol>
      <symbol id="sm-1c2">
         <name>_copy_in</name>
         <value>0x800018a0</value>
         <object_component_ref idref="oc-79"/>
      </symbol>
      <symbol id="sm-1d3">
         <name>_fseek</name>
         <value>0x80000c00</value>
         <object_component_ref idref="oc-86"/>
      </symbol>
      <symbol id="sm-1db">
         <name>_memcpy</name>
         <value>0x80001a80</value>
         <object_component_ref idref="oc-7a"/>
      </symbol>
      <symbol id="sm-1f2">
         <name>_setvbuf</name>
         <value>0x800004a0</value>
         <object_component_ref idref="oc-87"/>
      </symbol>
      <symbol id="sm-205">
         <name>__cleanup</name>
         <value>0x80001800</value>
         <object_component_ref idref="oc-8b"/>
      </symbol>
      <symbol id="sm-23e">
         <name>__sys_memory</name>
         <value>0x80002800</value>
         <object_component_ref idref="oc-62"/>
      </symbol>
      <symbol id="sm-23f">
         <name>_free</name>
         <value>0x80000000</value>
         <object_component_ref idref="oc-89"/>
      </symbol>
      <symbol id="sm-240">
         <name>_malloc</name>
         <value>0x80000820</value>
         <object_component_ref idref="oc-8a"/>
      </symbol>
      <symbol id="sm-259">
         <name>__closefile</name>
         <value>0x80000ae0</value>
         <object_component_ref idref="oc-8e"/>
      </symbol>
      <symbol id="sm-263">
         <name>_remove</name>
         <value>0x80001fe0</value>
         <object_component_ref idref="oc-90"/>
      </symbol>
   </symbol_table>
</link_info>
